../Middlewares/Cellular/Modules/PKCS11/Src/st_comm_layer.c:32:10:InitCommunicationLayer	96	static
../Middlewares/Cellular/Modules/PKCS11/Src/st_comm_layer.c:103:10:CloseCommunication	16	static
../Middlewares/Cellular/Modules/PKCS11/Src/st_comm_layer.c:122:10:ComputeSignature	216	static
../Middlewares/Cellular/Modules/PKCS11/Src/st_comm_layer.c:206:10:retrieveSecretKeysPresence	152	static
../Middlewares/Cellular/Modules/PKCS11/Src/st_comm_layer.c:270:10:GenerateKeyPair	96	static
../Middlewares/Cellular/Modules/PKCS11/Src/st_comm_layer.c:344:10:ReadBinary	616	static
../Middlewares/Cellular/Modules/PKCS11/Src/st_comm_layer.c:554:10:ReadRecord	72	static
../Middlewares/Cellular/Modules/PKCS11/Src/st_comm_layer.c:619:10:UpdateBinary	584	static
../Middlewares/Cellular/Modules/PKCS11/Src/st_comm_layer.c:767:17:SelectEx	224	static
../Middlewares/Cellular/Modules/PKCS11/Src/st_comm_layer.c:868:10:PathSelectWORD	40	static
../Middlewares/Cellular/Modules/PKCS11/Src/st_comm_layer.c:880:17:PathSelect	40	static
../Middlewares/Cellular/Modules/PKCS11/Src/st_comm_layer.c:908:10:GetChallenge	440	static
../Middlewares/Cellular/Modules/PKCS11/Src/st_comm_layer.c:967:10:GenerateSecret	328	static
../Middlewares/Cellular/Modules/PKCS11/Src/st_comm_layer.c:1068:10:DeriveSecret	336	static
../Middlewares/Cellular/Modules/PKCS11/Src/st_comm_layer.c:1162:10:VerifySignature	336	static
../Middlewares/Cellular/Modules/PKCS11/Src/st_comm_layer.c:1270:10:SelectPublicKey	80	static
../Middlewares/Cellular/Modules/PKCS11/Src/st_comm_layer.c:1324:10:UpdateKey	136	static
../Middlewares/Cellular/Modules/PKCS11/Src/st_comm_layer.c:1388:10:ExecuteVerifySignature	32	static
../Middlewares/Cellular/Modules/PKCS11/Src/st_comm_layer.c:1407:10:composePKCS11Return	16	static
