C:/Dev/DEMO-CERTIFY-BOOTSTRAPPING/Middlewares/ST/STM32_Cellular/Interface/Com/Src/com_icc.c:145:13:com_icc_datacache_cb	272	static,ignoring_inline_asm
C:/Dev/DEMO-CERTIFY-BOOTSTRAPPING/Middlewares/ST/STM32_Cellular/Interface/Com/Src/com_icc.c:235:13:com_icc_is_icc_available	24	static
C:/Dev/DEMO-CERTIFY-BOOTSTRAPPING/Middlewares/ST/STM32_Cellular/Interface/Com/Src/com_icc.c:248:13:com_icc_initialize_icc	24	static
C:/Dev/DEMO-CERTIFY-BOOTSTRAPPING/Middlewares/ST/STM32_Cellular/Interface/Com/Src/com_icc.c:289:13:com_icc_init_icc_desc	16	static
C:/Dev/DEMO-CERTIFY-BOOTSTRAPPING/Middlewares/ST/STM32_Cellular/Interface/Com/Src/com_icc.c:308:24:com_icc_provide_icc_desc	32	static
C:/Dev/DEMO-CERTIFY-BOOTSTRAPPING/Middlewares/ST/STM32_Cellular/Interface/Com/Src/com_icc.c:381:16:com_icc_use_icc_desc	32	static
C:/Dev/DEMO-CERTIFY-BOOTSTRAPPING/Middlewares/ST/STM32_Cellular/Interface/Com/Src/com_icc.c:439:16:com_icc_delete_icc_desc	24	static
C:/Dev/DEMO-CERTIFY-BOOTSTRAPPING/Middlewares/ST/STM32_Cellular/Interface/Com/Src/com_icc.c:487:16:com_icc_generic_access_csim	48	static
C:/Dev/DEMO-CERTIFY-BOOTSTRAPPING/Middlewares/ST/STM32_Cellular/Interface/Com/Src/com_icc.c:536:16:com_icc_generic_access_ndlc	56	static
C:/Dev/DEMO-CERTIFY-BOOTSTRAPPING/Middlewares/ST/STM32_Cellular/Interface/Com/Src/com_icc.c:653:9:com_icc	40	static,ignoring_inline_asm
C:/Dev/DEMO-CERTIFY-BOOTSTRAPPING/Middlewares/ST/STM32_Cellular/Interface/Com/Src/com_icc.c:733:9:com_icc_generic_access	40	static
C:/Dev/DEMO-CERTIFY-BOOTSTRAPPING/Middlewares/ST/STM32_Cellular/Interface/Com/Src/com_icc.c:805:9:com_closeicc	24	static
C:/Dev/DEMO-CERTIFY-BOOTSTRAPPING/Middlewares/ST/STM32_Cellular/Interface/Com/Src/com_icc.c:825:6:com_icc_init	16	static
C:/Dev/DEMO-CERTIFY-BOOTSTRAPPING/Middlewares/ST/STM32_Cellular/Interface/Com/Src/com_icc.c:863:6:com_icc_start	8	static
