C:/Dev/DEMO-CERTIFY-BOOTSTRAPPING/Middlewares/ST/STM32_Cellular/Interface/Com/Src/com_sockets.c:76:13:com_help_cmd	8	static
C:/Dev/DEMO-CERTIFY-BOOTSTRAPPING/Middlewares/ST/STM32_Cellular/Interface/Com/Src/com_sockets.c:89:21:com_sockets_cmd	72	static
C:/Dev/DEMO-CERTIFY-BOOTSTRAPPING/Middlewares/ST/STM32_Cellular/Interface/Com/Src/com_sockets.c:158:9:com_socket	32	static
C:/Dev/DEMO-CERTIFY-BOOTSTRAPPING/Middlewares/ST/STM32_Cellular/Interface/Com/Src/com_sockets.c:182:9:com_setsockopt	40	static
C:/Dev/DEMO-CERTIFY-BOOTSTRAPPING/Middlewares/ST/STM32_Cellular/Interface/Com/Src/com_sockets.c:207:9:com_getsockopt	40	static
C:/Dev/DEMO-CERTIFY-BOOTSTRAPPING/Middlewares/ST/STM32_Cellular/Interface/Com/Src/com_sockets.c:230:9:com_bind	32	static
C:/Dev/DEMO-CERTIFY-BOOTSTRAPPING/Middlewares/ST/STM32_Cellular/Interface/Com/Src/com_sockets.c:252:9:com_listen	24	static
C:/Dev/DEMO-CERTIFY-BOOTSTRAPPING/Middlewares/ST/STM32_Cellular/Interface/Com/Src/com_sockets.c:275:9:com_accept	32	static
C:/Dev/DEMO-CERTIFY-BOOTSTRAPPING/Middlewares/ST/STM32_Cellular/Interface/Com/Src/com_sockets.c:298:9:com_connect	32	static
C:/Dev/DEMO-CERTIFY-BOOTSTRAPPING/Middlewares/ST/STM32_Cellular/Interface/Com/Src/com_sockets.c:322:9:com_send	32	static
C:/Dev/DEMO-CERTIFY-BOOTSTRAPPING/Middlewares/ST/STM32_Cellular/Interface/Com/Src/com_sockets.c:349:9:com_sendto	40	static
C:/Dev/DEMO-CERTIFY-BOOTSTRAPPING/Middlewares/ST/STM32_Cellular/Interface/Com/Src/com_sockets.c:375:9:com_recv	32	static
C:/Dev/DEMO-CERTIFY-BOOTSTRAPPING/Middlewares/ST/STM32_Cellular/Interface/Com/Src/com_sockets.c:402:9:com_recvfrom	40	static
C:/Dev/DEMO-CERTIFY-BOOTSTRAPPING/Middlewares/ST/STM32_Cellular/Interface/Com/Src/com_sockets.c:425:9:com_closesocket	24	static
C:/Dev/DEMO-CERTIFY-BOOTSTRAPPING/Middlewares/ST/STM32_Cellular/Interface/Com/Src/com_sockets.c:448:9:com_gethostbyname	24	static
C:/Dev/DEMO-CERTIFY-BOOTSTRAPPING/Middlewares/ST/STM32_Cellular/Interface/Com/Src/com_sockets.c:471:9:com_getpeername	32	static
C:/Dev/DEMO-CERTIFY-BOOTSTRAPPING/Middlewares/ST/STM32_Cellular/Interface/Com/Src/com_sockets.c:494:9:com_getsockname	32	static
C:/Dev/DEMO-CERTIFY-BOOTSTRAPPING/Middlewares/ST/STM32_Cellular/Interface/Com/Src/com_sockets.c:590:6:com_sockets_init	16	static
C:/Dev/DEMO-CERTIFY-BOOTSTRAPPING/Middlewares/ST/STM32_Cellular/Interface/Com/Src/com_sockets.c:616:6:com_sockets_start	8	static
