C:/Dev/DEMO-CERTIFY-BOOTSTRAPPING/Drivers/BSP/Components/ssd1315/ssd1315.c:107:6:ssd1315_Init	8	static
C:/Dev/DEMO-CERTIFY-BOOTSTRAPPING/Drivers/BSP/Components/ssd1315/ssd1315.c:135:6:ssd1315_DeInit	8	static
C:/Dev/DEMO-CERTIFY-BOOTSTRAPPING/Drivers/BSP/Components/ssd1315/ssd1315.c:149:6:ssd1315_Clear	16	static
C:/Dev/DEMO-CERTIFY-BOOTSTRAPPING/Drivers/BSP/Components/ssd1315/ssd1315.c:157:6:ssd1315_ClearScreen	8	static
C:/Dev/DEMO-CERTIFY-BOOTSTRAPPING/Drivers/BSP/Components/ssd1315/ssd1315.c:168:6:ssd1315_DisplayOn	8	static
C:/Dev/DEMO-CERTIFY-BOOTSTRAPPING/Drivers/BSP/Components/ssd1315/ssd1315.c:181:6:ssd1315_DisplayOff	8	static
C:/Dev/DEMO-CERTIFY-BOOTSTRAPPING/Drivers/BSP/Components/ssd1315/ssd1315.c:194:10:ssd1315_GetLcdPixelWidth	4	static
C:/Dev/DEMO-CERTIFY-BOOTSTRAPPING/Drivers/BSP/Components/ssd1315/ssd1315.c:204:10:ssd1315_GetLcdPixelHeight	4	static
C:/Dev/DEMO-CERTIFY-BOOTSTRAPPING/Drivers/BSP/Components/ssd1315/ssd1315.c:216:6:ssd1315_WritePixel	16	static
C:/Dev/DEMO-CERTIFY-BOOTSTRAPPING/Drivers/BSP/Components/ssd1315/ssd1315.c:231:10:ssd1315_ReadPixel	16	static
C:/Dev/DEMO-CERTIFY-BOOTSTRAPPING/Drivers/BSP/Components/ssd1315/ssd1315.c:242:6:ssd1315_SetPage	16	static
C:/Dev/DEMO-CERTIFY-BOOTSTRAPPING/Drivers/BSP/Components/ssd1315/ssd1315.c:253:6:ssd1315_SetColumn	16	static
C:/Dev/DEMO-CERTIFY-BOOTSTRAPPING/Drivers/BSP/Components/ssd1315/ssd1315.c:269:6:ssd1315_DrawHLine	32	static
C:/Dev/DEMO-CERTIFY-BOOTSTRAPPING/Drivers/BSP/Components/ssd1315/ssd1315.c:288:6:ssd1315_DrawVLine	32	static
C:/Dev/DEMO-CERTIFY-BOOTSTRAPPING/Drivers/BSP/Components/ssd1315/ssd1315.c:306:6:ssd1315_DrawBitmap	56	static
C:/Dev/DEMO-CERTIFY-BOOTSTRAPPING/Drivers/BSP/Components/ssd1315/ssd1315.c:375:6:ssd1315_ShiftBitmap	72	static
C:/Dev/DEMO-CERTIFY-BOOTSTRAPPING/Drivers/BSP/Components/ssd1315/ssd1315.c:473:6:ssd1315_ScrollingSetup	24	static
C:/Dev/DEMO-CERTIFY-BOOTSTRAPPING/Drivers/BSP/Components/ssd1315/ssd1315.c:490:6:ssd1315_ScrollingStart	8	static
C:/Dev/DEMO-CERTIFY-BOOTSTRAPPING/Drivers/BSP/Components/ssd1315/ssd1315.c:501:6:ssd1315_ScrollingStop	8	static
C:/Dev/DEMO-CERTIFY-BOOTSTRAPPING/Drivers/BSP/Components/ssd1315/ssd1315.c:512:6:ssd1315_Refresh	8	static
C:/Dev/DEMO-CERTIFY-BOOTSTRAPPING/Drivers/BSP/Components/ssd1315/ssd1315.c:529:6:ssd1315_DrawRawFrameBuffer	16	static
