D:/Studium/Master Project/DEMO-CERTIFY-BOOTSTRAPPING-v3(1)/DEMO-CERTIFY-BOOTSTRAPPING-v3/Middlewares/ST/STM32_Cellular/Samples/Custom/Src/custom_client.c:65:13:custom_log_mems	448	static
D:/Studium/Master Project/DEMO-CERTIFY-BOOTSTRAPPING-v3(1)/DEMO-CERTIFY-BOOTSTRAPPING-v3/Middlewares/ST/STM32_Cellular/Samples/Custom/Src/custom_client.c:301:21:custom_client_cmd_help	16	static
D:/Studium/Master Project/DEMO-CERTIFY-BOOTSTRAPPING-v3(1)/DEMO-CERTIFY-BOOTSTRAPPING-v3/Middlewares/ST/STM32_Cellular/Samples/Custom/Src/custom_client.c:420:13:custom_client_notif_cb	40	static
D:/Studium/Master Project/DEMO-CERTIFY-BOOTSTRAPPING-v3(1)/DEMO-CERTIFY-BOOTSTRAPPING-v3/Middlewares/ST/STM32_Cellular/Samples/Custom/Src/custom_client.c:121:10:ntohs	0	static
D:/Studium/Master Project/DEMO-CERTIFY-BOOTSTRAPPING-v3(1)/DEMO-CERTIFY-BOOTSTRAPPING-v3/Middlewares/ST/STM32_Cellular/Samples/Custom/Src/custom_client.c:125:13:custom_connect_and_send_data	64	static
D:/Studium/Master Project/DEMO-CERTIFY-BOOTSTRAPPING-v3(1)/DEMO-CERTIFY-BOOTSTRAPPING-v3/Middlewares/ST/STM32_Cellular/Samples/Custom/Src/custom_client.c:467:13:send_mudfile_link	128	static
D:/Studium/Master Project/DEMO-CERTIFY-BOOTSTRAPPING-v3(1)/DEMO-CERTIFY-BOOTSTRAPPING-v3/Middlewares/ST/STM32_Cellular/Samples/Custom/Src/custom_client.c:332:21:custom_client_cmd	56	static
D:/Studium/Master Project/DEMO-CERTIFY-BOOTSTRAPPING-v3(1)/DEMO-CERTIFY-BOOTSTRAPPING-v3/Middlewares/ST/STM32_Cellular/Samples/Custom/Src/custom_client.c:496:13:custom_client_thread	32	static
D:/Studium/Master Project/DEMO-CERTIFY-BOOTSTRAPPING-v3(1)/DEMO-CERTIFY-BOOTSTRAPPING-v3/Middlewares/ST/STM32_Cellular/Samples/Custom/Src/custom_client.c:531:6:custom_client_init	8	static
D:/Studium/Master Project/DEMO-CERTIFY-BOOTSTRAPPING-v3(1)/DEMO-CERTIFY-BOOTSTRAPPING-v3/Middlewares/ST/STM32_Cellular/Samples/Custom/Src/custom_client.c:552:6:custom_client_start	16	static
