D:/Studium/Master Project/DEMO-CERTIFY-BOOTSTRAPPING-v3(1)/DEMO-CERTIFY-BOOTSTRAPPING-v3/Middlewares/ST/STM32_Cellular/Samples/Custom/Src/custom_client.c:121:13:custom_connect_and_send_data	64	static
D:/Studium/Master Project/DEMO-CERTIFY-BOOTSTRAPPING-v3(1)/DEMO-CERTIFY-BOOTSTRAPPING-v3/Middlewares/ST/STM32_Cellular/Samples/Custom/Src/custom_client.c:441:13:send_mudfile_link	120	static
D:/Studium/Master Project/DEMO-CERTIFY-BOOTSTRAPPING-v3(1)/DEMO-CERTIFY-BOOTSTRAPPING-v3/Middlewares/ST/STM32_Cellular/Samples/Custom/Src/custom_client.c:59:13:custom_log_mems	504	static
D:/Studium/Master Project/DEMO-CERTIFY-BOOTSTRAPPING-v3(1)/DEMO-CERTIFY-BOOTSTRAPPING-v3/Middlewares/ST/STM32_Cellular/Samples/Custom/Src/custom_client.c:457:13:custom_client_thread	16	static
D:/Studium/Master Project/DEMO-CERTIFY-BOOTSTRAPPING-v3(1)/DEMO-CERTIFY-BOOTSTRAPPING-v3/Middlewares/ST/STM32_Cellular/Samples/Custom/Src/custom_client.c:276:21:custom_client_cmd_help	16	static
D:/Studium/Master Project/DEMO-CERTIFY-BOOTSTRAPPING-v3(1)/DEMO-CERTIFY-BOOTSTRAPPING-v3/Middlewares/ST/STM32_Cellular/Samples/Custom/Src/custom_client.c:307:21:custom_client_cmd	56	static
D:/Studium/Master Project/DEMO-CERTIFY-BOOTSTRAPPING-v3(1)/DEMO-CERTIFY-BOOTSTRAPPING-v3/Middlewares/ST/STM32_Cellular/Samples/Custom/Src/custom_client.c:394:13:custom_client_notif_cb	40	static
D:/Studium/Master Project/DEMO-CERTIFY-BOOTSTRAPPING-v3(1)/DEMO-CERTIFY-BOOTSTRAPPING-v3/Middlewares/ST/STM32_Cellular/Samples/Custom/Src/custom_client.c:490:6:custom_client_init	8	static
D:/Studium/Master Project/DEMO-CERTIFY-BOOTSTRAPPING-v3(1)/DEMO-CERTIFY-BOOTSTRAPPING-v3/Middlewares/ST/STM32_Cellular/Samples/Custom/Src/custom_client.c:511:6:custom_client_start	16	static
