D:/Studium/Master Project/DEMO-CERTIFY-BOOTSTRAPPING-v3(1)/DEMO-CERTIFY-BOOTSTRAPPING-v3/Middlewares/ST/STM32_Cellular/Core/AT_Core/Src/at_datapack.c:80:19:DATAPACK_writePtr	8	static
D:/Studium/Master Project/DEMO-CERTIFY-BOOTSTRAPPING-v3(1)/DEMO-CERTIFY-BOOTSTRAPPING-v3/Middlewares/ST/STM32_Cellular/Core/AT_Core/Src/at_datapack.c:123:19:DATAPACK_writeStruct	32	static
D:/Studium/Master Project/DEMO-CERTIFY-BOOTSTRAPPING-v3(1)/DEMO-CERTIFY-BOOTSTRAPPING-v3/Middlewares/ST/STM32_Cellular/Core/AT_Core/Src/at_datapack.c:244:10:DATAPACK_readMsgType	0	static
D:/Studium/Master Project/DEMO-CERTIFY-BOOTSTRAPPING-v3(1)/DEMO-CERTIFY-BOOTSTRAPPING-v3/Middlewares/ST/STM32_Cellular/Core/AT_Core/Src/at_datapack.c:252:10:DATAPACK_readSize	0	static
D:/Studium/Master Project/DEMO-CERTIFY-BOOTSTRAPPING-v3(1)/DEMO-CERTIFY-BOOTSTRAPPING-v3/Middlewares/ST/STM32_Cellular/Core/AT_Core/Src/at_datapack.c:261:26:check_structure_to_read	24	static
D:/Studium/Master Project/DEMO-CERTIFY-BOOTSTRAPPING-v3(1)/DEMO-CERTIFY-BOOTSTRAPPING-v3/Middlewares/ST/STM32_Cellular/Core/AT_Core/Src/at_datapack.c:177:19:DATAPACK_readPtr	16	static
D:/Studium/Master Project/DEMO-CERTIFY-BOOTSTRAPPING-v3(1)/DEMO-CERTIFY-BOOTSTRAPPING-v3/Middlewares/ST/STM32_Cellular/Core/AT_Core/Src/at_datapack.c:218:19:DATAPACK_readStruct	24	static
