../Middlewares/Cellular/Modules/PKCS11/Src/st_comm_layer.c:767:17:SelectEx.constprop	192	static
../Middlewares/Cellular/Modules/PKCS11/Src/st_comm_layer.c:32:10:InitCommunicationLayer	88	static
../Middlewares/Cellular/Modules/PKCS11/Src/st_comm_layer.c:103:10:CloseCommunication	8	static
../Middlewares/Cellular/Modules/PKCS11/Src/st_comm_layer.c:122:10:ComputeSignature	192	static
../Middlewares/Cellular/Modules/PKCS11/Src/st_comm_layer.c:206:10:retrieveSecretKeysPresence	144	static
../Middlewares/Cellular/Modules/PKCS11/Src/st_comm_layer.c:270:10:GenerateKeyPair	88	static
../Middlewares/Cellular/Modules/PKCS11/Src/st_comm_layer.c:344:10:ReadBinary	608	static
../Middlewares/Cellular/Modules/PKCS11/Src/st_comm_layer.c:554:10:ReadRecord	64	static
../Middlewares/Cellular/Modules/PKCS11/Src/st_comm_layer.c:619:10:UpdateBinary	576	static
../Middlewares/Cellular/Modules/PKCS11/Src/st_comm_layer.c:868:10:PathSelectWORD	48	static
../Middlewares/Cellular/Modules/PKCS11/Src/st_comm_layer.c:908:10:GetChallenge	432	static
../Middlewares/Cellular/Modules/PKCS11/Src/st_comm_layer.c:967:10:GenerateSecret	312	static
../Middlewares/Cellular/Modules/PKCS11/Src/st_comm_layer.c:1068:10:DeriveSecret	320	static
../Middlewares/Cellular/Modules/PKCS11/Src/st_comm_layer.c:1162:10:VerifySignature	328	static
../Middlewares/Cellular/Modules/PKCS11/Src/st_comm_layer.c:1270:10:SelectPublicKey	72	static
../Middlewares/Cellular/Modules/PKCS11/Src/st_comm_layer.c:1324:10:UpdateKey	128	static
../Middlewares/Cellular/Modules/PKCS11/Src/st_comm_layer.c:1388:10:ExecuteVerifySignature	24	static
../Middlewares/Cellular/Modules/PKCS11/Src/st_comm_layer.c:1407:10:composePKCS11Return	0	static
