../Middlewares/Cellular/Modules/PKCS11/Src/st_util.c:147:6:findObjectInListByLabel	24	static
../Middlewares/Cellular/Modules/PKCS11/Src/st_util.c:230:7:removeObjectFromList	8	static
../Middlewares/Cellular/Modules/PKCS11/Src/st_util.c:257:7:removeSessionObjectFromList	0	static
../Middlewares/Cellular/Modules/PKCS11/Src/st_util.c:280:6:removeSessionKeyPairsFromList	8	static
../Middlewares/Cellular/Modules/PKCS11/Src/st_util.c:308:6:findObjectInListByHandle	16	static
../Middlewares/Cellular/Modules/PKCS11/Src/st_util.c:335:6:updateHandleForObject	32	static
../Middlewares/Cellular/Modules/PKCS11/Src/st_util.c:358:6:hexstr_to_char	20	static
../Middlewares/Cellular/Modules/PKCS11/Src/st_util.c:386:6:TLV_Get	24	static
../Middlewares/Cellular/Modules/PKCS11/Src/st_util.c:493:6:TLV_Validate	20	static
../Middlewares/Cellular/Modules/PKCS11/Src/st_util.c:570:7:getPublicKeyValue	112	static
../Middlewares/Cellular/Modules/PKCS11/Src/st_util.c:617:7:getCertificateFileContentLength	40	static
../Middlewares/Cellular/Modules/PKCS11/Src/st_util.c:649:7:getDataObjectLengthAndValue	192	static
../Middlewares/Cellular/Modules/PKCS11/Src/st_util.c:691:7:getCertificateFileContent	2040	static
../Middlewares/Cellular/Modules/PKCS11/Src/st_util.c:762:7:checkGenerateKeyPairPrivatePublicTemplates	120	static
../Middlewares/Cellular/Modules/PKCS11/Src/st_util.c:1302:9:GetAttributePos	12	static
../Middlewares/Cellular/Modules/PKCS11/Src/st_util.c:1333:10:GetAttribute	20	static
../Middlewares/Cellular/Modules/PKCS11/Src/st_util.c:1367:7:DeleteCertificateValue	32	static
../Middlewares/Cellular/Modules/PKCS11/Src/st_util.c:1400:7:WriteCertificateValue	40	static
../Middlewares/Cellular/Modules/PKCS11/Src/st_util.c:1424:7:UpdateFileValue	40	static
../Middlewares/Cellular/Modules/PKCS11/Src/st_util.c:1449:7:ParseECParam	0	static
../Middlewares/Cellular/Modules/PKCS11/Src/st_util.c:1504:7:ParseHKDFParam	16	static
../Middlewares/Cellular/Modules/PKCS11/Src/st_util.c:1579:6:is9000	0	static
../Middlewares/Cellular/Modules/PKCS11/Src/st_util.c:1610:9:getX509Attribute	344	static
../Middlewares/Cellular/Modules/PKCS11/Src/st_util.c:1666:6:setEnvironmentTarget	16	static
../Middlewares/Cellular/Modules/PKCS11/Src/st_util.c:1703:6:setPrivateKeyEnvironmentTarget	16	static
../Middlewares/Cellular/Modules/PKCS11/Src/st_util.c:1736:6:setThirdPrivateKeyEnvironmentTarget	8	static
../Middlewares/Cellular/Modules/PKCS11/Src/st_util.c:1761:6:setPublicKeyEnvironmentTarget	16	static
../Middlewares/Cellular/Modules/PKCS11/Src/st_util.c:1790:6:setCompleteKeyEnvironmentTarget	16	static
../Middlewares/Cellular/Modules/PKCS11/Src/st_util.c:1810:6:setGlobalEnvironmentTarget	16	static
../Middlewares/Cellular/Modules/PKCS11/Src/st_util.c:1857:6:setSignKeyEnvironmentTarget	16	static
../Middlewares/Cellular/Modules/PKCS11/Src/st_util.c:1911:10:generateRandom	32	static
../Middlewares/Cellular/Modules/PKCS11/Src/st_util.c:46:7:LoadTokenObjects	232	static
../Middlewares/Cellular/Modules/PKCS11/Src/st_util.c:1970:8:nibbleToChar	0	static
../Middlewares/Cellular/Modules/PKCS11/Src/st_util.c:1944:8:convertHexByteToAscii	8	static
../Middlewares/Cellular/Modules/PKCS11/Src/st_util.c:1994:8:checkAndAdaptPrivateKeySizeAndValue	0	static
