../Core/Src/main.c:122:5:main	120	static
../Core/Src/main.c:245:6:SystemClock_Config	96	static
../Core/Src/main.c:306:6:PeriphCommonClock_Config	112	static
../Core/Src/main.c:335:13:MX_ADC1_Init	32	static
../Core/Src/main.c:393:13:MX_I2C1_Init	8	static
../Core/Src/main.c:441:13:MX_QUADSPI_Init	8	static
../Core/Src/main.c:476:13:MX_RNG_Init	8	static
../Core/Src/main.c:502:13:MX_RTC_Init	8	static
../Core/Src/main.c:538:13:MX_SPI1_Init	8	static
../Core/Src/main.c:578:13:MX_SPI3_Init	8	static
../Core/Src/main.c:618:13:MX_TIM2_Init	48	static
../Core/Src/main.c:667:13:MX_TIM3_Init	48	static
../Core/Src/main.c:716:13:MX_USART1_UART_Init	8	static
../Core/Src/main.c:751:13:MX_USART2_UART_Init	8	static
../Core/Src/main.c:786:13:MX_USART3_UART_Init	8	static
../Core/Src/main.c:821:13:MX_USB_PCD_Init	8	static
../Core/Src/main.c:854:13:MX_GPIO_Init	48	static
../Core/Src/main.c:929:6:StartDefaultTask	16	static
../Core/Src/main.c:948:6:HAL_TIM_PeriodElapsedCallback	16	static
../Core/Src/main.c:965:6:Error_Handler	4	static,ignoring_inline_asm
