../Core/Src/rtosal.c:90:14:rtosalKernelInitialize	16	static
../Core/Src/rtosal.c:105:14:rtosalKernelStart	16	static
../Core/Src/rtosal.c:116:10:rtosalGetSysTimerCount	16	static
../Core/Src/rtosal.c:142:12:rtosalThreadNew	56	static
../Core/Src/rtosal.c:182:12:rtosalThreadGetId	16	static
../Core/Src/rtosal.c:194:14:rtosalThreadTerminate	24	static
../Core/Src/rtosal.c:211:15:rtosalSemaphoreNew	32	static
../Core/Src/rtosal.c:241:14:rtosalSemaphoreAcquire	24	static
../Core/Src/rtosal.c:262:14:rtosalSemaphoreRelease	24	static
../Core/Src/rtosal.c:274:14:rtosalSemaphoreDelete	24	static
../Core/Src/rtosal.c:290:11:rtosalMutexNew	32	static
../Core/Src/rtosal.c:321:14:rtosalMutexAcquire	24	static
../Core/Src/rtosal.c:340:14:rtosalMutexRelease	24	static
../Core/Src/rtosal.c:352:14:rtosalMutexDelete	24	static
../Core/Src/rtosal.c:369:14:rtosalMessageQueueNew	40	static
../Core/Src/rtosal.c:406:14:rtosalMessageQueuePut	32	static
../Core/Src/rtosal.c:433:14:rtosalMessageQueueGet	40	static
../Core/Src/rtosal.c:476:11:rtosalTimerNew	40	static
../Core/Src/rtosal.c:503:14:rtosalTimerStart	24	static
../Core/Src/rtosal.c:523:14:rtosalTimerStop	24	static
../Core/Src/rtosal.c:535:14:rtosalTimerDelete	24	static
../Core/Src/rtosal.c:549:14:rtosalDelay	24	static
