../Drivers/BSP/B-L462E-CELL1/stm32l462e_cell1_eeprom.c:53:10:BSP_EEPROM_Init	16	static
../Drivers/BSP/B-L462E-CELL1/stm32l462e_cell1_eeprom.c:76:10:BSP_EEPROM_DeInit	4	static
../Drivers/BSP/B-L462E-CELL1/stm32l462e_cell1_eeprom.c:97:10:BSP_EEPROM_ReadBuffer	32	static
../Drivers/BSP/B-L462E-CELL1/stm32l462e_cell1_eeprom.c:144:10:BSP_EEPROM_WritePage	32	static
../Drivers/BSP/B-L462E-CELL1/stm32l462e_cell1_eeprom.c:179:10:BSP_EEPROM_WriteBuffer	24	static
../Drivers/BSP/B-L462E-CELL1/stm32l462e_cell1_eeprom.c:213:10:BSP_EEPROM_WaitEepromStandbyState	16	static
../Drivers/BSP/B-L462E-CELL1/stm32l462e_cell1_eeprom.c:231:13:BSP_EEPROM_TIMEOUT_UserCallback	4	static
../Drivers/BSP/B-L462E-CELL1/stm32l462e_cell1_eeprom.c:243:17:EEPROM_WriteLessThanPage	40	static
../Drivers/BSP/B-L462E-CELL1/stm32l462e_cell1_eeprom.c:280:17:EEPROM_WriteMoreThanPage	48	static
../Drivers/BSP/B-L462E-CELL1/stm32l462e_cell1_eeprom.c:339:17:EEPROM_WriteBufferAligned	32	static
../Drivers/BSP/B-L462E-CELL1/stm32l462e_cell1_eeprom.c:396:17:EEPROM_WriteBufferNotAligned	32	static
