../Drivers/BSP/B-L462E-CELL1/stm32l462e_cell1_env_sensors.c:84:9:BSP_ENV_SENSOR_Init_Temperature	8	static
../Drivers/BSP/B-L462E-CELL1/stm32l462e_cell1_env_sensors.c:94:9:BSP_ENV_SENSOR_Init_Pressure	8	static
../Drivers/BSP/B-L462E-CELL1/stm32l462e_cell1_env_sensors.c:104:9:BSP_ENV_SENSOR_Init_Humidity	8	static
../Drivers/BSP/B-L462E-CELL1/stm32l462e_cell1_env_sensors.c:114:9:BSP_ENV_SENSOR_DeInit_Temperature	8	static
../Drivers/BSP/B-L462E-CELL1/stm32l462e_cell1_env_sensors.c:124:9:BSP_ENV_SENSOR_DeInit_Pressure	8	static
../Drivers/BSP/B-L462E-CELL1/stm32l462e_cell1_env_sensors.c:134:9:BSP_ENV_SENSOR_DeInit_Humidity	8	static
../Drivers/BSP/B-L462E-CELL1/stm32l462e_cell1_env_sensors.c:145:9:BSP_ENV_SENSOR_Read_Temperature	16	static
../Drivers/BSP/B-L462E-CELL1/stm32l462e_cell1_env_sensors.c:156:9:BSP_ENV_SENSOR_Read_Pressure	16	static
../Drivers/BSP/B-L462E-CELL1/stm32l462e_cell1_env_sensors.c:167:9:BSP_ENV_SENSOR_ReadT_Humidity	16	static
../Drivers/BSP/B-L462E-CELL1/stm32l462e_cell1_env_sensors.c:180:9:BSP_ENV_SENSOR_Init	48	static
../Drivers/BSP/B-L462E-CELL1/stm32l462e_cell1_env_sensors.c:290:9:BSP_ENV_SENSOR_DeInit	24	static
../Drivers/BSP/B-L462E-CELL1/stm32l462e_cell1_env_sensors.c:316:9:BSP_ENV_SENSOR_GetCapabilities	24	static
../Drivers/BSP/B-L462E-CELL1/stm32l462e_cell1_env_sensors.c:342:9:BSP_ENV_SENSOR_ReadID	24	static
../Drivers/BSP/B-L462E-CELL1/stm32l462e_cell1_env_sensors.c:370:9:BSP_ENV_SENSOR_Enable	24	static
../Drivers/BSP/B-L462E-CELL1/stm32l462e_cell1_env_sensors.c:409:9:BSP_ENV_SENSOR_Disable	24	static
../Drivers/BSP/B-L462E-CELL1/stm32l462e_cell1_env_sensors.c:449:9:BSP_ENV_SENSOR_GetOutputDataRate	32	static
../Drivers/BSP/B-L462E-CELL1/stm32l462e_cell1_env_sensors.c:490:9:BSP_ENV_SENSOR_SetOutputDataRate	32	static
../Drivers/BSP/B-L462E-CELL1/stm32l462e_cell1_env_sensors.c:531:9:BSP_ENV_SENSOR_GetValue	32	static
../Drivers/BSP/B-L462E-CELL1/stm32l462e_cell1_env_sensors.c:577:16:HTS221_0_Probe	72	static
../Drivers/BSP/B-L462E-CELL1/stm32l462e_cell1_env_sensors.c:656:16:LPS22HH_0_Probe	72	static
