../Drivers/BSP/B-L462E-CELL1/stm32l462e_cell1_env_sensors_ex.c:59:9:BSP_ENV_SENSOR_FIFO_Get_Data	32	static
../Drivers/BSP/B-L462E-CELL1/stm32l462e_cell1_env_sensors_ex.c:94:9:BSP_ENV_SENSOR_FIFO_Get_Fth_Status	24	static
../Drivers/BSP/B-L462E-CELL1/stm32l462e_cell1_env_sensors_ex.c:129:9:BSP_ENV_SENSOR_FIFO_Get_Full_Status	24	static
../Drivers/BSP/B-L462E-CELL1/stm32l462e_cell1_env_sensors_ex.c:164:9:BSP_ENV_SENSOR_FIFO_Get_Num_Samples	24	static
../Drivers/BSP/B-L462E-CELL1/stm32l462e_cell1_env_sensors_ex.c:199:9:BSP_ENV_SENSOR_FIFO_Get_Ovr_Status	24	static
../Drivers/BSP/B-L462E-CELL1/stm32l462e_cell1_env_sensors_ex.c:234:9:BSP_ENV_SENSOR_FIFO_Reset_Interrupt	24	static
../Drivers/BSP/B-L462E-CELL1/stm32l462e_cell1_env_sensors_ex.c:269:9:BSP_ENV_SENSOR_FIFO_Set_Interrupt	24	static
../Drivers/BSP/B-L462E-CELL1/stm32l462e_cell1_env_sensors_ex.c:304:9:BSP_ENV_SENSOR_FIFO_Set_Mode	24	static
../Drivers/BSP/B-L462E-CELL1/stm32l462e_cell1_env_sensors_ex.c:339:9:BSP_ENV_SENSOR_FIFO_Set_Watermark_Level	24	static
../Drivers/BSP/B-L462E-CELL1/stm32l462e_cell1_env_sensors_ex.c:377:9:BSP_ENV_SENSOR_Get_DRDY_Status	32	static
../Drivers/BSP/B-L462E-CELL1/stm32l462e_cell1_env_sensors_ex.c:464:9:BSP_ENV_SENSOR_Read_Register	32	static
../Drivers/BSP/B-L462E-CELL1/stm32l462e_cell1_env_sensors_ex.c:513:9:BSP_ENV_SENSOR_Write_Register	24	static
../Drivers/BSP/B-L462E-CELL1/stm32l462e_cell1_env_sensors_ex.c:560:9:BSP_ENV_SENSOR_Set_One_Shot	24	static
../Drivers/BSP/B-L462E-CELL1/stm32l462e_cell1_env_sensors_ex.c:608:9:BSP_ENV_SENSOR_Get_One_Shot_Status	24	static
