../Drivers/BSP/B-L462E-CELL1/stm32l462e_cell1_motion_sensors.c:84:9:BSP_MOTION_SENSOR_Init_Acc	8	static
../Drivers/BSP/B-L462E-CELL1/stm32l462e_cell1_motion_sensors.c:94:9:BSP_MOTION_SENSOR_Init_Mag	8	static
../Drivers/BSP/B-L462E-CELL1/stm32l462e_cell1_motion_sensors.c:104:9:BSP_MOTION_SENSOR_DeInit_Acc	8	static
../Drivers/BSP/B-L462E-CELL1/stm32l462e_cell1_motion_sensors.c:114:9:BSP_MOTION_SENSOR_DeInit_Mag	8	static
../Drivers/BSP/B-L462E-CELL1/stm32l462e_cell1_motion_sensors.c:125:9:BSP_MOTION_SENSOR_Read_Acc	16	static
../Drivers/BSP/B-L462E-CELL1/stm32l462e_cell1_motion_sensors.c:136:9:BSP_MOTION_SENSOR_Read_Mag	16	static
../Drivers/BSP/B-L462E-CELL1/stm32l462e_cell1_motion_sensors.c:150:9:BSP_MOTION_SENSOR_Init	64	static
../Drivers/BSP/B-L462E-CELL1/stm32l462e_cell1_motion_sensors.c:262:9:BSP_MOTION_SENSOR_DeInit	24	static
../Drivers/BSP/B-L462E-CELL1/stm32l462e_cell1_motion_sensors.c:288:9:BSP_MOTION_SENSOR_GetCapabilities	24	static
../Drivers/BSP/B-L462E-CELL1/stm32l462e_cell1_motion_sensors.c:314:9:BSP_MOTION_SENSOR_ReadID	24	static
../Drivers/BSP/B-L462E-CELL1/stm32l462e_cell1_motion_sensors.c:343:9:BSP_MOTION_SENSOR_Enable	24	static
../Drivers/BSP/B-L462E-CELL1/stm32l462e_cell1_motion_sensors.c:383:9:BSP_MOTION_SENSOR_Disable	24	static
../Drivers/BSP/B-L462E-CELL1/stm32l462e_cell1_motion_sensors.c:424:9:BSP_MOTION_SENSOR_GetAxes	32	static
../Drivers/BSP/B-L462E-CELL1/stm32l462e_cell1_motion_sensors.c:466:9:BSP_MOTION_SENSOR_GetAxesRaw	32	static
../Drivers/BSP/B-L462E-CELL1/stm32l462e_cell1_motion_sensors.c:508:9:BSP_MOTION_SENSOR_GetSensitivity	32	static
../Drivers/BSP/B-L462E-CELL1/stm32l462e_cell1_motion_sensors.c:550:9:BSP_MOTION_SENSOR_GetOutputDataRate	32	static
../Drivers/BSP/B-L462E-CELL1/stm32l462e_cell1_motion_sensors.c:592:9:BSP_MOTION_SENSOR_GetFullScale	32	static
../Drivers/BSP/B-L462E-CELL1/stm32l462e_cell1_motion_sensors.c:634:9:BSP_MOTION_SENSOR_SetOutputDataRate	32	static
../Drivers/BSP/B-L462E-CELL1/stm32l462e_cell1_motion_sensors.c:676:9:BSP_MOTION_SENSOR_SetFullScale	32	static
../Drivers/BSP/B-L462E-CELL1/stm32l462e_cell1_motion_sensors.c:721:16:LSM303AGR_ACC_0_Probe	88	static
../Drivers/BSP/B-L462E-CELL1/stm32l462e_cell1_motion_sensors.c:793:16:LSM303AGR_MAG_0_Probe	88	static
