../Drivers/BSP/B-L462E-CELL1/stm32l462e_cell1_lcd.c:109:9:BSP_LCD_Init	24	static
../Drivers/BSP/B-L462E-CELL1/stm32l462e_cell1_lcd.c:144:9:BSP_LCD_DeInit	24	static
../Drivers/BSP/B-L462E-CELL1/stm32l462e_cell1_lcd.c:172:9:BSP_LCD_GetXSize	24	static
../Drivers/BSP/B-L462E-CELL1/stm32l462e_cell1_lcd.c:201:9:BSP_LCD_GetYSize	24	static
../Drivers/BSP/B-L462E-CELL1/stm32l462e_cell1_lcd.c:230:9:BSP_LCD_Clear	40	static
../Drivers/BSP/B-L462E-CELL1/stm32l462e_cell1_lcd.c:258:9:BSP_LCD_Refresh	24	static
../Drivers/BSP/B-L462E-CELL1/stm32l462e_cell1_lcd.c:289:9:BSP_LCD_DrawBitmap	40	static
../Drivers/BSP/B-L462E-CELL1/stm32l462e_cell1_lcd.c:323:9:BSP_LCD_FillRGBRect	48	static
../Drivers/BSP/B-L462E-CELL1/stm32l462e_cell1_lcd.c:357:9:BSP_LCD_DrawHLine	48	static
../Drivers/BSP/B-L462E-CELL1/stm32l462e_cell1_lcd.c:390:9:BSP_LCD_DrawVLine	48	static
../Drivers/BSP/B-L462E-CELL1/stm32l462e_cell1_lcd.c:424:9:BSP_LCD_FillRect	48	static
../Drivers/BSP/B-L462E-CELL1/stm32l462e_cell1_lcd.c:456:10:BSP_LCD_ReadPixel	40	static
../Drivers/BSP/B-L462E-CELL1/stm32l462e_cell1_lcd.c:487:10:BSP_LCD_WritePixel	40	static
../Drivers/BSP/B-L462E-CELL1/stm32l462e_cell1_lcd.c:516:9:BSP_LCD_GetPixelFormat	24	static
../Drivers/BSP/B-L462E-CELL1/stm32l462e_cell1_lcd.c:547:16:SSD1315_Probe	40	static
../Drivers/BSP/B-L462E-CELL1/stm32l462e_cell1_lcd.c:586:9:LCD_IO_Init	48	static
../Drivers/BSP/B-L462E-CELL1/stm32l462e_cell1_lcd.c:647:9:LCD_IO_DeInit	16	static
../Drivers/BSP/B-L462E-CELL1/stm32l462e_cell1_lcd.c:673:16:BSP_LCD_ReadReg	24	static
../Drivers/BSP/B-L462E-CELL1/stm32l462e_cell1_lcd.c:706:16:BSP_LCD_WriteReg	24	static
../Drivers/BSP/B-L462E-CELL1/stm32l462e_cell1_lcd.c:726:16:BSP_LCD_SendData	24	static
