D:/Studium/Master Project/DEMO-CERTIFY-BOOTSTRAPPING-v3(1)/DEMO-CERTIFY-BOOTSTRAPPING-v3/Projects/B_L462E/Demonstrations/Cellular/Core/Src/adc.c:30:6:MX_ADC1_Init	32	static
D:/Studium/Master Project/DEMO-CERTIFY-BOOTSTRAPPING-v3(1)/DEMO-CERTIFY-BOOTSTRAPPING-v3/Projects/B_L462E/Demonstrations/Cellular/Core/Src/adc.c:71:6:HAL_ADC_MspInit	32	static
D:/Studium/Master Project/DEMO-CERTIFY-BOOTSTRAPPING-v3(1)/DEMO-CERTIFY-BOOTSTRAPPING-v3/Projects/B_L462E/Demonstrations/Cellular/Core/Src/adc.c:101:6:HAL_ADC_MspDeInit	8	static
