D:/Studium/Master Project/DEMO-CERTIFY-BOOTSTRAPPING-v3(1)/DEMO-CERTIFY-BOOTSTRAPPING-v3/Projects/B_L462E/Demonstrations/Cellular/Core/Src/main.c:246:6:HAL_TIM_PeriodElapsedCallback	2
D:/Studium/Master Project/DEMO-CERTIFY-BOOTSTRAPPING-v3(1)/DEMO-CERTIFY-BOOTSTRAPPING-v3/Projects/B_L462E/Demonstrations/Cellular/Core/Src/main.c:263:6:Error_Handler	1
D:/Studium/Master Project/DEMO-CERTIFY-BOOTSTRAPPING-v3(1)/DEMO-CERTIFY-BOOTSTRAPPING-v3/Projects/B_L462E/Demonstrations/Cellular/Core/Src/main.c:146:6:SystemClock_Config	1
D:/Studium/Master Project/DEMO-CERTIFY-BOOTSTRAPPING-v3(1)/DEMO-CERTIFY-BOOTSTRAPPING-v3/Projects/B_L462E/Demonstrations/Cellular/Core/Src/main.c:76:5:main	1
