D:/Studium/Master Project/DEMO-CERTIFY-BOOTSTRAPPING-v3(1)/DEMO-CERTIFY-BOOTSTRAPPING-v3/Projects/B_L462E/Demonstrations/Cellular/Core/Src/quadspi.c:30:6:MX_QUADSPI_Init	8	static
D:/Studium/Master Project/DEMO-CERTIFY-BOOTSTRAPPING-v3(1)/DEMO-CERTIFY-BOOTSTRAPPING-v3/Projects/B_L462E/Demonstrations/Cellular/Core/Src/quadspi.c:49:6:HAL_QSPI_MspInit	40	static
D:/Studium/Master Project/DEMO-CERTIFY-BOOTSTRAPPING-v3(1)/DEMO-CERTIFY-BOOTSTRAPPING-v3/Projects/B_L462E/Demonstrations/Cellular/Core/Src/quadspi.c:91:6:HAL_QSPI_MspDeInit	8	static
