../Drivers/BSP/Components/w25q80ew/w25q80ew.c:99:9:W25Q80EW_Read	88	static
../Drivers/BSP/Components/w25q80ew/w25q80ew.c:142:9:W25Q80EW_Write	96	static
../Drivers/BSP/Components/w25q80ew/w25q80ew.c:226:9:W25Q80EW_Erase_Block64K	80	static
../Drivers/BSP/Components/w25q80ew/w25q80ew.c:274:9:W25Q80EW_Erase_Block32K	80	static
../Drivers/BSP/Components/w25q80ew/w25q80ew.c:322:9:W25Q80EW_Erase_Sector	80	static
../Drivers/BSP/Components/w25q80ew/w25q80ew.c:376:9:W25Q80EW_Erase_Chip	80	static
../Drivers/BSP/Components/w25q80ew/w25q80ew.c:421:9:W25Q80EW_GetStatus	80	static
../Drivers/BSP/Components/w25q80ew/w25q80ew.c:496:9:W25Q80EW_ReadID	80	static
../Drivers/BSP/Components/w25q80ew/w25q80ew.c:535:9:W25Q80EW_GetInfo	16	static
../Drivers/BSP/Components/w25q80ew/w25q80ew.c:560:9:W25Q80EW_EnableMemoryMappedMode	88	static
../Drivers/BSP/Components/w25q80ew/w25q80ew.c:593:9:W25Q80EW_SuspendErase	80	static
../Drivers/BSP/Components/w25q80ew/w25q80ew.c:633:9:W25Q80EW_ResumeErase	80	static
../Drivers/BSP/Components/w25q80ew/w25q80ew.c:676:9:W25Q80EW_EnterDeepPowerDown	80	static
../Drivers/BSP/Components/w25q80ew/w25q80ew.c:707:9:W25Q80EW_LeaveDeepPowerDown	80	static
../Drivers/BSP/Components/w25q80ew/w25q80ew.c:739:9:W25Q80EW_WriteEnable	104	static
../Drivers/BSP/Components/w25q80ew/w25q80ew.c:787:9:W25Q80EW_DummyCyclesCfg	80	static
../Drivers/BSP/Components/w25q80ew/w25q80ew.c:831:9:W25Q80EW_QuadMode	80	static
../Drivers/BSP/Components/w25q80ew/w25q80ew.c:949:9:W25Q80EW_AutoPollingMemReady	104	static
../Drivers/BSP/Components/w25q80ew/w25q80ew.c:986:9:W25Q80EW_ResetMemory	80	static
