Archive member included to satisfy reference by file (symbol)

C:/ST/STM32CubeIDE_1.14.1/STM32CubeIDE/plugins/com.st.stm32cube.ide.mcu.externaltools.gnu-tools-for-stm32.11.3.rel1.win32_1.1.100.202309141235/tools/bin/../lib/gcc/arm-none-eabi/11.3.1/../../../../arm-none-eabi/lib/thumb/v7e-m+fp/hard\libc.a(libc_a-atoi.o)
                              ./Middlewares/Third_Party/LwIP/api/netdb.o (atoi)
C:/ST/STM32CubeIDE_1.14.1/STM32CubeIDE/plugins/com.st.stm32cube.ide.mcu.externaltools.gnu-tools-for-stm32.11.3.rel1.win32_1.1.100.202309141235/tools/bin/../lib/gcc/arm-none-eabi/11.3.1/../../../../arm-none-eabi/lib/thumb/v7e-m+fp/hard\libc.a(libc_a-exit.o)
                              C:/ST/STM32CubeIDE_1.14.1/STM32CubeIDE/plugins/com.st.stm32cube.ide.mcu.externaltools.gnu-tools-for-stm32.11.3.rel1.win32_1.1.100.202309141235/tools/bin/../lib/gcc/arm-none-eabi/11.3.1/../../../../arm-none-eabi/lib/thumb/v7e-m+fp/hard/crt0.o (exit)
C:/ST/STM32CubeIDE_1.14.1/STM32CubeIDE/plugins/com.st.stm32cube.ide.mcu.externaltools.gnu-tools-for-stm32.11.3.rel1.win32_1.1.100.202309141235/tools/bin/../lib/gcc/arm-none-eabi/11.3.1/../../../../arm-none-eabi/lib/thumb/v7e-m+fp/hard\libc.a(libc_a-rand.o)
                              ./Middlewares/Cellular/Modules/PKCS11/Src/st_p11.o (srand)
C:/ST/STM32CubeIDE_1.14.1/STM32CubeIDE/plugins/com.st.stm32cube.ide.mcu.externaltools.gnu-tools-for-stm32.11.3.rel1.win32_1.1.100.202309141235/tools/bin/../lib/gcc/arm-none-eabi/11.3.1/../../../../arm-none-eabi/lib/thumb/v7e-m+fp/hard\libc.a(libc_a-strtol.o)
                              C:/ST/STM32CubeIDE_1.14.1/STM32CubeIDE/plugins/com.st.stm32cube.ide.mcu.externaltools.gnu-tools-for-stm32.11.3.rel1.win32_1.1.100.202309141235/tools/bin/../lib/gcc/arm-none-eabi/11.3.1/../../../../arm-none-eabi/lib/thumb/v7e-m+fp/hard\libc.a(libc_a-atoi.o) (_strtol_r)
C:/ST/STM32CubeIDE_1.14.1/STM32CubeIDE/plugins/com.st.stm32cube.ide.mcu.externaltools.gnu-tools-for-stm32.11.3.rel1.win32_1.1.100.202309141235/tools/bin/../lib/gcc/arm-none-eabi/11.3.1/../../../../arm-none-eabi/lib/thumb/v7e-m+fp/hard\libc.a(libc_a-ctype_.o)
                              ./Middlewares/Cellular/Modules/PKCS11/Src/st_util.o (_ctype_)
C:/ST/STM32CubeIDE_1.14.1/STM32CubeIDE/plugins/com.st.stm32cube.ide.mcu.externaltools.gnu-tools-for-stm32.11.3.rel1.win32_1.1.100.202309141235/tools/bin/../lib/gcc/arm-none-eabi/11.3.1/../../../../arm-none-eabi/lib/thumb/v7e-m+fp/hard\libc.a(libc_a-findfp.o)
                              C:/ST/STM32CubeIDE_1.14.1/STM32CubeIDE/plugins/com.st.stm32cube.ide.mcu.externaltools.gnu-tools-for-stm32.11.3.rel1.win32_1.1.100.202309141235/tools/bin/../lib/gcc/arm-none-eabi/11.3.1/../../../../arm-none-eabi/lib/thumb/v7e-m+fp/hard\libc.a(libc_a-exit.o) (__stdio_exit_handler)
C:/ST/STM32CubeIDE_1.14.1/STM32CubeIDE/plugins/com.st.stm32cube.ide.mcu.externaltools.gnu-tools-for-stm32.11.3.rel1.win32_1.1.100.202309141235/tools/bin/../lib/gcc/arm-none-eabi/11.3.1/../../../../arm-none-eabi/lib/thumb/v7e-m+fp/hard\libc.a(libc_a-fwalk.o)
                              C:/ST/STM32CubeIDE_1.14.1/STM32CubeIDE/plugins/com.st.stm32cube.ide.mcu.externaltools.gnu-tools-for-stm32.11.3.rel1.win32_1.1.100.202309141235/tools/bin/../lib/gcc/arm-none-eabi/11.3.1/../../../../arm-none-eabi/lib/thumb/v7e-m+fp/hard\libc.a(libc_a-findfp.o) (_fwalk_sglue)
C:/ST/STM32CubeIDE_1.14.1/STM32CubeIDE/plugins/com.st.stm32cube.ide.mcu.externaltools.gnu-tools-for-stm32.11.3.rel1.win32_1.1.100.202309141235/tools/bin/../lib/gcc/arm-none-eabi/11.3.1/../../../../arm-none-eabi/lib/thumb/v7e-m+fp/hard\libc.a(libc_a-printf.o)
                              ./Middlewares/Third_Party/LwIP/api/api_lib.o (printf)
C:/ST/STM32CubeIDE_1.14.1/STM32CubeIDE/plugins/com.st.stm32cube.ide.mcu.externaltools.gnu-tools-for-stm32.11.3.rel1.win32_1.1.100.202309141235/tools/bin/../lib/gcc/arm-none-eabi/11.3.1/../../../../arm-none-eabi/lib/thumb/v7e-m+fp/hard\libc.a(libc_a-sprintf.o)
                              ./Drivers/BSP/X_STMOD_PLUS_MODEMS/TYPE1SC/at_custom_modem_signalling.o (sprintf)
C:/ST/STM32CubeIDE_1.14.1/STM32CubeIDE/plugins/com.st.stm32cube.ide.mcu.externaltools.gnu-tools-for-stm32.11.3.rel1.win32_1.1.100.202309141235/tools/bin/../lib/gcc/arm-none-eabi/11.3.1/../../../../arm-none-eabi/lib/thumb/v7e-m+fp/hard\libc.a(libc_a-sscanf.o)
                              ./Middlewares/Cellular/Interface/Com/com_sockets_ip_modem.o (sscanf)
C:/ST/STM32CubeIDE_1.14.1/STM32CubeIDE/plugins/com.st.stm32cube.ide.mcu.externaltools.gnu-tools-for-stm32.11.3.rel1.win32_1.1.100.202309141235/tools/bin/../lib/gcc/arm-none-eabi/11.3.1/../../../../arm-none-eabi/lib/thumb/v7e-m+fp/hard\libc.a(libc_a-stdio.o)
                              C:/ST/STM32CubeIDE_1.14.1/STM32CubeIDE/plugins/com.st.stm32cube.ide.mcu.externaltools.gnu-tools-for-stm32.11.3.rel1.win32_1.1.100.202309141235/tools/bin/../lib/gcc/arm-none-eabi/11.3.1/../../../../arm-none-eabi/lib/thumb/v7e-m+fp/hard\libc.a(libc_a-findfp.o) (__sread)
[...]
Memory Configuration

Name             Origin             Length             Attributes
RAM              0x0000000020000000 0x0000000000028000 xrw
SRAM1            0x0000000020000000 0x0000000000020000 xrw
SRAM2            0x0000000020020000 0x0000000000008000 xrw
ROM              0x0000000008000000 0x0000000000080000 xr
*default*        0x0000000000000000 0xffffffffffffffff

Linker script and memory map

LOAD C:/ST/STM32CubeIDE_1.14.1/STM32CubeIDE/plugins/com.st.stm32cube.ide.mcu.externaltools.gnu-tools-for-stm32.11.3.rel1.win32_1.1.100.202309141235/tools/bin/../lib/gcc/arm-none-eabi/11.3.1/thumb/v7e-m+fp/hard/crti.o
LOAD C:/ST/STM32CubeIDE_1.14.1/STM32CubeIDE/plugins/com.st.stm32cube.ide.mcu.externaltools.gnu-tools-for-stm32.11.3.rel1.win32_1.1.100.202309141235/tools/bin/../lib/gcc/arm-none-eabi/11.3.1/thumb/v7e-m+fp/hard/crtbegin.o
LOAD C:/ST/STM32CubeIDE_1.14.1/STM32CubeIDE/plugins/com.st.stm32cube.ide.mcu.externaltools.gnu-tools-for-stm32.11.3.rel1.win32_1.1.100.202309141235/tools/bin/../lib/gcc/arm-none-eabi/11.3.1/../../../../arm-none-eabi/lib/thumb/v7e-m+fp/hard/crt0.o
LOAD ./Application/Startup/startup_stm32l462retx.o
LOAD ./Application/User/adc.o
LOAD ./Application/User/gpio.o
LOAD ./Application/User/i2c.o
LOAD ./Application/User/main.o
LOAD ./Application/User/quadspi.o
LOAD ./Application/User/rng.o
LOAD ./Application/User/rtc.o
LOAD ./Application/User/spi.o
LOAD ./Application/User/stm32l4xx_hal_msp.o
LOAD ./Application/User/stm32l4xx_hal_timebase_TIM.o
LOAD ./Application/User/stm32l4xx_it.o
LOAD ./Application/User/syscalls.o
LOAD ./Application/User/sysmem.o
LOAD ./Application/User/tim.o
LOAD ./Application/User/usart.o
LOAD ./Application/User/usb.o
LOAD ./Drivers/BSP/B_L462_CELL01/stm32l462e_cell01.o
LOAD ./Drivers/BSP/B_L462_CELL01/stm32l462e_cell01_hsensor.o
LOAD ./Drivers/BSP/B_L462_CELL01/stm32l462e_cell01_lcd.o
LOAD ./Drivers/BSP/B_L462_CELL01/stm32l462e_cell01_psensor.o
LOAD ./Drivers/BSP/B_L462_CELL01/stm32l462e_cell01_tsensor.o
LOAD ./Drivers/BSP/Components/hts221.o
LOAD ./Drivers/BSP/Components/lps22hb.o
LOAD ./Drivers/BSP/Components/ssd1315.o
LOAD ./Drivers/BSP/X_STMOD_PLUS_MODEMS/TYPE1SC/at_custom_modem_api.o
LOAD ./Drivers/BSP/X_STMOD_PLUS_MODEMS/TYPE1SC/at_custom_modem_signalling.o
LOAD ./Drivers/BSP/X_STMOD_PLUS_MODEMS/TYPE1SC/at_custom_modem_socket.o
LOAD ./Drivers/BSP/X_STMOD_PLUS_MODEMS/TYPE1SC/at_custom_modem_specific.o
LOAD ./Drivers/BSP/X_STMOD_PLUS_MODEMS/TYPE1SC/sysctrl_specific.o
LOAD ./Drivers/CMSIS/system_stm32l4xx.o
LOAD ./Drivers/STM32L4xx_HAL_Driver/stm32l4xx_hal.o
LOAD ./Drivers/STM32L4xx_HAL_Driver/stm32l4xx_hal_adc.o
LOAD ./Drivers/STM32L4xx_HAL_Driver/stm32l4xx_hal_adc_ex.o
LOAD ./Drivers/STM32L4xx_HAL_Driver/stm32l4xx_hal_cortex.o
LOAD ./Drivers/STM32L4xx_HAL_Driver/stm32l4xx_hal_dma.o
LOAD ./Drivers/STM32L4xx_HAL_Driver/stm32l4xx_hal_dma_ex.o
LOAD ./Drivers/STM32L4xx_HAL_Driver/stm32l4xx_hal_flash.o
LOAD ./Drivers/STM32L4xx_HAL_Driver/stm32l4xx_hal_flash_ex.o
LOAD ./Drivers/STM32L4xx_HAL_Driver/stm32l4xx_hal_flash_ramfunc.o
LOAD ./Drivers/STM32L4xx_HAL_Driver/stm32l4xx_hal_gpio.o
LOAD ./Drivers/STM32L4xx_HAL_Driver/stm32l4xx_hal_i2c.o
LOAD ./Drivers/STM32L4xx_HAL_Driver/stm32l4xx_hal_i2c_ex.o
LOAD ./Drivers/STM32L4xx_HAL_Driver/stm32l4xx_hal_pcd.o
LOAD ./Drivers/STM32L4xx_HAL_Driver/stm32l4xx_hal_pcd_ex.o
LOAD ./Drivers/STM32L4xx_HAL_Driver/stm32l4xx_hal_pwr.o
LOAD ./Drivers/STM32L4xx_HAL_Driver/stm32l4xx_hal_pwr_ex.o
LOAD ./Drivers/STM32L4xx_HAL_Driver/stm32l4xx_hal_qspi.o
LOAD ./Drivers/STM32L4xx_HAL_Driver/stm32l4xx_hal_rcc.o
LOAD ./Drivers/STM32L4xx_HAL_Driver/stm32l4xx_hal_rcc_ex.o
LOAD ./Drivers/STM32L4xx_HAL_Driver/stm32l4xx_hal_rng.o
LOAD ./Drivers/STM32L4xx_HAL_Driver/stm32l4xx_hal_rtc.o
LOAD ./Drivers/STM32L4xx_HAL_Driver/stm32l4xx_hal_rtc_ex.o
LOAD ./Drivers/STM32L4xx_HAL_Driver/stm32l4xx_hal_spi.o
LOAD ./Drivers/STM32L4xx_HAL_Driver/stm32l4xx_hal_spi_ex.o
LOAD ./Drivers/STM32L4xx_HAL_Driver/stm32l4xx_hal_tim.o
LOAD ./Drivers/STM32L4xx_HAL_Driver/stm32l4xx_hal_tim_ex.o
LOAD ./Drivers/STM32L4xx_HAL_Driver/stm32l4xx_hal_uart.o
LOAD ./Drivers/STM32L4xx_HAL_Driver/stm32l4xx_hal_uart_ex.o
LOAD ./Drivers/STM32L4xx_HAL_Driver/stm32l4xx_ll_usb.o
LOAD ./Middlewares/Cellular/Core/AT_Core/at_core.o
LOAD ./Middlewares/Cellular/Core/AT_Core/at_datapack.o
LOAD ./Middlewares/Cellular/Core/AT_Core/at_modem_api.o
LOAD ./Middlewares/Cellular/Core/AT_Core/at_modem_common.o
LOAD ./Middlewares/Cellular/Core/AT_Core/at_modem_signalling.o
LOAD ./Middlewares/Cellular/Core/AT_Core/at_modem_socket.o
LOAD ./Middlewares/Cellular/Core/AT_Core/at_parser.o
LOAD ./Middlewares/Cellular/Core/AT_Core/at_util.o
LOAD ./Middlewares/Cellular/Core/AT_Core/sysctrl.o
LOAD ./Middlewares/Cellular/Core/Cellular_Service/cellular_service.o
LOAD ./Middlewares/Cellular/Core/Cellular_Service/cellular_service_cmd.o
LOAD ./Middlewares/Cellular/Core/Cellular_Service/cellular_service_config.o
LOAD ./Middlewares/Cellular/Core/Cellular_Service/cellular_service_int.o
LOAD ./Middlewares/Cellular/Core/Cellular_Service/cellular_service_os.o
LOAD ./Middlewares/Cellular/Core/Cellular_Service/cellular_service_power.o
LOAD ./Middlewares/Cellular/Core/Cellular_Service/cellular_service_task.o
LOAD ./Middlewares/Cellular/Core/Cellular_Service/cellular_service_utils.o
LOAD ./Middlewares/Cellular/Core/Error/error_handler.o
LOAD ./Middlewares/Cellular/Core/HW_Specific/board_buttons.o
LOAD ./Middlewares/Cellular/Core/HW_Specific/board_display.o
LOAD ./Middlewares/Cellular/Core/HW_Specific/board_interrupts.o
LOAD ./Middlewares/Cellular/Core/HW_Specific/board_leds.o
LOAD ./Middlewares/Cellular/Core/Ipc/ipc_common.o
LOAD ./Middlewares/Cellular/Core/Ipc/ipc_rxfifo.o
LOAD ./Middlewares/Cellular/Core/Ipc/ipc_uart.o
LOAD ./Middlewares/Cellular/Core/PPPosif/ppposif.o
LOAD ./Middlewares/Cellular/Core/PPPosif/ppposif_client.o
LOAD ./Middlewares/Cellular/Core/PPPosif/ppposif_ipc.o
LOAD ./Middlewares/Cellular/Core/Rtosal/rtosal.o
LOAD ./Middlewares/Cellular/Core/Runtime_Library/cellular_runtime_custom.o
LOAD ./Middlewares/Cellular/Core/Runtime_Library/cellular_runtime_standard.o
LOAD ./Middlewares/Cellular/Core/Trace/trace_interface.o
LOAD ./Middlewares/Cellular/Interface/Cellular_Mngt/cellular_mngt.o
LOAD ./Middlewares/Cellular/Interface/Com/com_core.o
LOAD ./Middlewares/Cellular/Interface/Com/com_icc.o
LOAD ./Middlewares/Cellular/Interface/Com/com_sockets.o
LOAD ./Middlewares/Cellular/Interface/Com/com_sockets_err_compat.o
LOAD ./Middlewares/Cellular/Interface/Com/com_sockets_ip_modem.o
LOAD ./Middlewares/Cellular/Interface/Com/com_sockets_lwip_mcu.o
LOAD ./Middlewares/Cellular/Interface/Com/com_sockets_statistic.o
LOAD ./Middlewares/Cellular/Interface/Com/com_utils.o
LOAD ./Middlewares/Cellular/Interface/Data_Cache/dc_common.o
LOAD ./Middlewares/Cellular/Modules/Cmd/cmd.o
LOAD ./Middlewares/Cellular/Modules/DataCache_Supplier/dc_generic.o
LOAD ./Middlewares/Cellular/Modules/DataCache_Supplier/dc_mems.o
LOAD ./Middlewares/Cellular/Modules/Ndlc/ndlc.o
LOAD ./Middlewares/Cellular/Modules/Ndlc/ndlc_commands.o
LOAD ./Middlewares/Cellular/Modules/Ndlc/spi_ndlc.o
LOAD ./Middlewares/Cellular/Modules/PKCS11/Src/custom_se_pkcs11.o
LOAD ./Middlewares/Cellular/Modules/PKCS11/Src/st_comm_layer.o
LOAD ./Middlewares/Cellular/Modules/PKCS11/Src/st_p11.o
LOAD ./Middlewares/Cellular/Modules/PKCS11/Src/st_util.o
LOAD ./Middlewares/Cellular/Modules/SPI/sys_spi.o
LOAD ./Middlewares/Cellular/Modules/Setup/app_select.o
LOAD ./Middlewares/Cellular/Modules/Setup/feeprom_utils.o
LOAD ./Middlewares/Cellular/Modules/Setup/menu_utils.o
LOAD ./Middlewares/Cellular/Modules/Setup/setup.o
LOAD ./Middlewares/Cellular/Modules/Setup/voucher.o
LOAD ./Middlewares/Cellular/Modules/Stack_Analysis/stack_analysis.o
LOAD ./Middlewares/Cellular/Modules/Time_Date/time_date.o
LOAD ./Middlewares/Cellular/Samples/Custom/comclient.o
LOAD ./Middlewares/Cellular/Samples/Custom/custom_client.o
LOAD ./Middlewares/Cellular/Samples/Echo/echoclient.o
LOAD ./Middlewares/Cellular/Samples/Freertos/freertos.o
LOAD ./Middlewares/Cellular/Samples/HTTP/httpclient.o
LOAD ./Middlewares/Cellular/Samples/Ping/ping_client.o
LOAD ./Middlewares/Cellular/Samples/UI/uiclient.o
LOAD ./Middlewares/Third_Party/FreeRTOS/CMSIS_RTOS/cmsis_os.o
LOAD ./Middlewares/Third_Party/FreeRTOS/croutine.o
LOAD ./Middlewares/Third_Party/FreeRTOS/event_groups.o
LOAD ./Middlewares/Third_Party/FreeRTOS/heap_4.o
LOAD ./Middlewares/Third_Party/FreeRTOS/list.o
LOAD ./Middlewares/Third_Party/FreeRTOS/port.o
LOAD ./Middlewares/Third_Party/FreeRTOS/queue.o
LOAD ./Middlewares/Third_Party/FreeRTOS/tasks.o
LOAD ./Middlewares/Third_Party/FreeRTOS/timers.o
LOAD ./Middlewares/Third_Party/LwIP/api/api_lib.o
LOAD ./Middlewares/Third_Party/LwIP/api/api_msg.o
LOAD ./Middlewares/Third_Party/LwIP/api/err.o
LOAD ./Middlewares/Third_Party/LwIP/api/netbuf.o
LOAD ./Middlewares/Third_Party/LwIP/api/netdb.o
LOAD ./Middlewares/Third_Party/LwIP/api/netifapi.o
LOAD ./Middlewares/Third_Party/LwIP/api/sockets.o
LOAD ./Middlewares/Third_Party/LwIP/api/tcpip.o
LOAD ./Middlewares/Third_Party/LwIP/core/def.o
LOAD ./Middlewares/Third_Party/LwIP/core/dns.o
LOAD ./Middlewares/Third_Party/LwIP/core/inet_chksum.o
LOAD ./Middlewares/Third_Party/LwIP/core/init.o
LOAD ./Middlewares/Third_Party/LwIP/core/ip.o
LOAD ./Middlewares/Third_Party/LwIP/core/mem.o
LOAD ./Middlewares/Third_Party/LwIP/core/memp.o
LOAD ./Middlewares/Third_Party/LwIP/core/netif.o
LOAD ./Middlewares/Third_Party/LwIP/core/pbuf.o
LOAD ./Middlewares/Third_Party/LwIP/core/raw.o
LOAD ./Middlewares/Third_Party/LwIP/core/stats.o
LOAD ./Middlewares/Third_Party/LwIP/core/sys.o
LOAD ./Middlewares/Third_Party/LwIP/core/tcp.o
LOAD ./Middlewares/Third_Party/LwIP/core/tcp_in.o
LOAD ./Middlewares/Third_Party/LwIP/core/tcp_out.o
LOAD ./Middlewares/Third_Party/LwIP/core/timeouts.o
LOAD ./Middlewares/Third_Party/LwIP/core/udp.o
LOAD ./Middlewares/Third_Party/LwIP/core/ipv4/autoip.o
LOAD ./Middlewares/Third_Party/LwIP/core/ipv4/icmp.o
LOAD ./Middlewares/Third_Party/LwIP/core/ipv4/igmp.o
LOAD ./Middlewares/Third_Party/LwIP/core/ipv4/ip4.o
LOAD ./Middlewares/Third_Party/LwIP/core/ipv4/ip4_addr.o
LOAD ./Middlewares/Third_Party/LwIP/core/ipv4/ip4_frag.o
LOAD ./Middlewares/Third_Party/LwIP/netif/ppp/auth.o
LOAD ./Middlewares/Third_Party/LwIP/netif/ppp/ccp.o
LOAD ./Middlewares/Third_Party/LwIP/netif/ppp/chap-md5.o
LOAD ./Middlewares/Third_Party/LwIP/netif/ppp/chap-new.o
LOAD ./Middlewares/Third_Party/LwIP/netif/ppp/chap_ms.o
LOAD ./Middlewares/Third_Party/LwIP/netif/ppp/demand.o
LOAD ./Middlewares/Third_Party/LwIP/netif/ppp/eap.o
LOAD ./Middlewares/Third_Party/LwIP/netif/ppp/fsm.o
LOAD ./Middlewares/Third_Party/LwIP/netif/ppp/ipcp.o
LOAD ./Middlewares/Third_Party/LwIP/netif/ppp/ipv6cp.o
LOAD ./Middlewares/Third_Party/LwIP/netif/ppp/lcp.o
LOAD ./Middlewares/Third_Party/LwIP/netif/ppp/magic.o
LOAD ./Middlewares/Third_Party/LwIP/netif/ppp/mppe.o
LOAD ./Middlewares/Third_Party/LwIP/netif/ppp/multilink.o
LOAD ./Middlewares/Third_Party/LwIP/netif/ppp/ppp.o
LOAD ./Middlewares/Third_Party/LwIP/netif/ppp/pppapi.o
LOAD ./Middlewares/Third_Party/LwIP/netif/ppp/pppcrypt.o
LOAD ./Middlewares/Third_Party/LwIP/netif/ppp/pppos.o
LOAD ./Middlewares/Third_Party/LwIP/netif/ppp/upap.o
LOAD ./Middlewares/Third_Party/LwIP/netif/ppp/utils.o
LOAD ./Middlewares/Third_Party/LwIP/netif/ppp/vj.o
LOAD ./Middlewares/Third_Party/LwIP/system/OS/sys_arch.o
START GROUP
LOAD C:/ST/STM32CubeIDE_1.14.1/STM32CubeIDE/plugins/com.st.stm32cube.ide.mcu.externaltools.gnu-tools-for-stm32.11.3.rel1.win32_1.1.100.202309141235/tools/bin/../lib/gcc/arm-none-eabi/11.3.1/../../../../arm-none-eabi/lib/thumb/v7e-m+fp/hard\libc.a
LOAD C:/ST/STM32CubeIDE_1.14.1/STM32CubeIDE/plugins/com.st.stm32cube.ide.mcu.externaltools.gnu-tools-for-stm32.11.3.rel1.win32_1.1.100.202309141235/tools/bin/../lib/gcc/arm-none-eabi/11.3.1/../../../../arm-none-eabi/lib/thumb/v7e-m+fp/hard\libm.a
END GROUP
START GROUP
LOAD C:/ST/STM32CubeIDE_1.14.1/STM32CubeIDE/plugins/com.st.stm32cube.ide.mcu.externaltools.gnu-tools-for-stm32.11.3.rel1.win32_1.1.100.202309141235/tools/bin/../lib/gcc/arm-none-eabi/11.3.1/thumb/v7e-m+fp/hard\libgcc.a
LOAD C:/ST/STM32CubeIDE_1.14.1/STM32CubeIDE/plugins/com.st.stm32cube.ide.mcu.externaltools.gnu-tools-for-stm32.11.3.rel1.win32_1.1.100.202309141235/tools/bin/../lib/gcc/arm-none-eabi/11.3.1/../../../../arm-none-eabi/lib/thumb/v7e-m+fp/hard\libc.a
END GROUP
START GROUP
LOAD C:/ST/STM32CubeIDE_1.14.1/STM32CubeIDE/plugins/com.st.stm32cube.ide.mcu.externaltools.gnu-tools-for-stm32.11.3.rel1.win32_1.1.100.202309141235/tools/bin/../lib/gcc/arm-none-eabi/11.3.1/thumb/v7e-m+fp/hard\libgcc.a
LOAD C:/ST/STM32CubeIDE_1.14.1/STM32CubeIDE/plugins/com.st.stm32cube.ide.mcu.externaltools.gnu-tools-for-stm32.11.3.rel1.win32_1.1.100.202309141235/tools/bin/../lib/gcc/arm-none-eabi/11.3.1/../../../../arm-none-eabi/lib/thumb/v7e-m+fp/hard\libc.a
LOAD C:/ST/STM32CubeIDE_1.14.1/STM32CubeIDE/plugins/com.st.stm32cube.ide.mcu.externaltools.gnu-tools-for-stm32.11.3.rel1.win32_1.1.100.202309141235/tools/bin/../lib/gcc/arm-none-eabi/11.3.1/../../../../arm-none-eabi/lib/thumb/v7e-m+fp/hard\libnosys.a
END GROUP
LOAD C:/ST/STM32CubeIDE_1.14.1/STM32CubeIDE/plugins/com.st.stm32cube.ide.mcu.externaltools.gnu-tools-for-stm32.11.3.rel1.win32_1.1.100.202309141235/tools/bin/../lib/gcc/arm-none-eabi/11.3.1/thumb/v7e-m+fp/hard/crtend.o
LOAD C:/ST/STM32CubeIDE_1.14.1/STM32CubeIDE/plugins/com.st.stm32cube.ide.mcu.externaltools.gnu-tools-for-stm32.11.3.rel1.win32_1.1.100.202309141235/tools/bin/../lib/gcc/arm-none-eabi/11.3.1/thumb/v7e-m+fp/hard/crtn.o
                0x0000000020028000                _estack = (ORIGIN (RAM) + LENGTH (RAM))
                0x0000000000000200                _Min_Heap_Size = 0x200
                0x0000000000000400                _Min_Stack_Size = 0x400

.isr_vector     0x0000000008000000      0x194
                0x0000000008000000                . = ALIGN (0x4)
 *(.isr_vector)
 .isr_vector    0x0000000008000000      0x194 ./Application/Startup/startup_stm32l462retx.o
                0x0000000008000000                g_pfnVectors
                0x0000000008000194                . = ALIGN (0x4)

.text           0x00000000080001a0    0x24bd0
                0x00000000080001a0                . = ALIGN (0x4)
 *(.text)
 .text          0x00000000080001a0       0x40 C:/ST/STM32CubeIDE_1.14.1/STM32CubeIDE/plugins/com.st.stm32cube.ide.mcu.externaltools.gnu-tools-for-stm32.11.3.rel1.win32_1.1.100.202309141235/tools/bin/../lib/gcc/arm-none-eabi/11.3.1/thumb/v7e-m+fp/hard/crtbegin.o
 .text          0x00000000080001e0       0x14 C:/ST/STM32CubeIDE_1.14.1/STM32CubeIDE/plugins/com.st.stm32cube.ide.mcu.externaltools.gnu-tools-for-stm32.11.3.rel1.win32_1.1.100.202309141235/tools/bin/../lib/gcc/arm-none-eabi/11.3.1/../../../../arm-none-eabi/lib/thumb/v7e-m+fp/hard\libc.a(libc_a-strcmp.o)
                0x00000000080001e0                strcmp
 .text          0x00000000080001f4       0x10 C:/ST/STM32CubeIDE_1.14.1/STM32CubeIDE/plugins/com.st.stm32cube.ide.mcu.externaltools.gnu-tools-for-stm32.11.3.rel1.win32_1.1.100.202309141235/tools/bin/../lib/gcc/arm-none-eabi/11.3.1/../../../../arm-none-eabi/lib/thumb/v7e-m+fp/hard\libc.a(libc_a-strlen.o)
                0x00000000080001f4                strlen
 *fill*         0x0000000008000204        0xc 
 .text          0x0000000008000210       0xa0 C:/ST/STM32CubeIDE_1.14.1/STM32CubeIDE/plugins/com.st.stm32cube.ide.mcu.externaltools.gnu-tools-for-stm32.11.3.rel1.win32_1.1.100.202309141235/tools/bin/../lib/gcc/arm-none-eabi/11.3.1/../../../../arm-none-eabi/lib/thumb/v7e-m+fp/hard\libc.a(libc_a-memchr.o)
                0x0000000008000210                memchr
 .text          0x00000000080002b0      0x378 C:/ST/STM32CubeIDE_1.14.1/STM32CubeIDE/plugins/com.st.stm32cube.ide.mcu.externaltools.gnu-tools-for-stm32.11.3.rel1.win32_1.1.100.202309141235/tools/bin/../lib/gcc/arm-none-eabi/11.3.1/thumb/v7e-m+fp/hard\libgcc.a(_arm_addsubdf3.o)
                0x00000000080002b0                __aeabi_drsub
                0x00000000080002b8                __aeabi_dsub
                0x00000000080002b8                __subdf3
                0x00000000080002bc                __aeabi_dadd
                0x00000000080002bc                __adddf3
                0x0000000008000534                __floatunsidf
                0x0000000008000534                __aeabi_ui2d
                0x0000000008000554                __floatsidf
                0x0000000008000554                __aeabi_i2d
                0x0000000008000578                __aeabi_f2d
                0x0000000008000578                __extendsfdf2
                0x00000000080005bc                __floatundidf
                0x00000000080005bc                __aeabi_ul2d
                0x00000000080005cc                __floatdidf
                0x00000000080005cc                __aeabi_l2d
 .text          0x0000000008000628      0x424 C:/ST/STM32CubeIDE_1.14.1/STM32CubeIDE/plugins/com.st.stm32cube.ide.mcu.externaltools.gnu-tools-for-stm32.11.3.rel1.win32_1.1.100.202309141235/tools/bin/../lib/gcc/arm-none-eabi/11.3.1/thumb/v7e-m+fp/hard\libgcc.a(_arm_muldivdf3.o)
                0x0000000008000628                __aeabi_dmul
                0x0000000008000628                __muldf3
                0x000000000800087c                __divdf3
                0x000000000800087c                __aeabi_ddiv
 .text          0x0000000008000a4c      0x110 C:/ST/STM32CubeIDE_1.14.1/STM32CubeIDE/plugins/com.st.stm32cube.ide.mcu.externaltools.gnu-tools-for-stm32.11.3.rel1.win32_1.1.100.202309141235/tools/bin/../lib/gcc/arm-none-eabi/11.3.1/thumb/v7e-m+fp/hard\libgcc.a(_arm_cmpdf2.o)
                0x0000000008000a4c                __gtdf2
                0x0000000008000a4c                __gedf2
                0x0000000008000a54                __ltdf2
                0x0000000008000a54                __ledf2
                0x0000000008000a5c                __nedf2
                0x0000000008000a5c                __eqdf2
                0x0000000008000a5c                __cmpdf2
                0x0000000008000ad8                __aeabi_cdrcmple
                0x0000000008000ae8                __aeabi_cdcmpeq
                0x0000000008000ae8                __aeabi_cdcmple
                0x0000000008000af8                __aeabi_dcmpeq
                0x0000000008000b0c                __aeabi_dcmplt
                0x0000000008000b20                __aeabi_dcmple
                0x0000000008000b34                __aeabi_dcmpge
                0x0000000008000b48                __aeabi_dcmpgt
 .text          0x0000000008000b5c       0x2c C:/ST/STM32CubeIDE_1.14.1/STM32CubeIDE/plugins/com.st.stm32cube.ide.mcu.externaltools.gnu-tools-for-stm32.11.3.rel1.win32_1.1.100.202309141235/tools/bin/../lib/gcc/arm-none-eabi/11.3.1/thumb/v7e-m+fp/hard\libgcc.a(_arm_unorddf2.o)
                0x0000000008000b5c                __unorddf2
                0x0000000008000b5c                __aeabi_dcmpun
 .text          0x0000000008000b88       0x50 C:/ST/STM32CubeIDE_1.14.1/STM32CubeIDE/plugins/com.st.stm32cube.ide.mcu.externaltools.gnu-tools-for-stm32.11.3.rel1.win32_1.1.100.202309141235/tools/bin/../lib/gcc/arm-none-eabi/11.3.1/thumb/v7e-m+fp/hard\libgcc.a(_arm_fixdfsi.o)
                0x0000000008000b88                __aeabi_d2iz
                0x0000000008000b88                __fixdfsi
 .text          0x0000000008000bd8       0x30 C:/ST/STM32CubeIDE_1.14.1/STM32CubeIDE/plugins/com.st.stm32cube.ide.mcu.externaltools.gnu-tools-for-stm32.11.3.rel1.win32_1.1.100.202309141235/tools/bin/../lib/gcc/arm-none-eabi/11.3.1/thumb/v7e-m+fp/hard\libgcc.a(_aeabi_uldivmod.o)
                0x0000000008000bd8                __aeabi_uldivmod
 .text          0x0000000008000c08      0x2c8 C:/ST/STM32CubeIDE_1.14.1/STM32CubeIDE/plugins/com.st.stm32cube.ide.mcu.externaltools.gnu-tools-for-stm32.11.3.rel1.win32_1.1.100.202309141235/tools/bin/../lib/gcc/arm-none-eabi/11.3.1/thumb/v7e-m+fp/hard\libgcc.a(_udivmoddi4.o)
                0x0000000008000c08                __udivmoddi4
 .text          0x0000000008000ed0        0x4 C:/ST/STM32CubeIDE_1.14.1/STM32CubeIDE/plugins/com.st.stm32cube.ide.mcu.externaltools.gnu-tools-for-stm32.11.3.rel1.win32_1.1.100.202309141235/tools/bin/../lib/gcc/arm-none-eabi/11.3.1/thumb/v7e-m+fp/hard\libgcc.a(_dvmd_tls.o)
                0x0000000008000ed0                __aeabi_idiv0
                0x0000000008000ed0                __aeabi_ldiv0
 *(.text*)
 .text.Reset_Handler
                0x0000000008000ed4       0x50 ./Application/Startup/startup_stm32l462retx.o
                0x0000000008000ed4                Reset_Handler
 .text.Default_Handler
                0x0000000008000f24        0x2 ./Application/Startup/startup_stm32l462retx.o
                0x0000000008000f24                RTC_Alarm_IRQHandler
                0x0000000008000f24                EXTI2_IRQHandler
                0x0000000008000f24                TIM1_CC_IRQHandler
                0x0000000008000f24                TSC_IRQHandler
                0x0000000008000f24                TAMP_STAMP_IRQHandler
                0x0000000008000f24                EXTI3_IRQHandler
                0x0000000008000f24                LPTIM2_IRQHandler
                0x0000000008000f24                DFSDM1_FLT1_IRQHandler
                0x0000000008000f24                I2C3_ER_IRQHandler
                0x0000000008000f24                EXTI0_IRQHandler
                0x0000000008000f24                I2C2_EV_IRQHandler
                0x0000000008000f24                CAN1_RX0_IRQHandler
                0x0000000008000f24                FPU_IRQHandler
                0x0000000008000f24                SPI1_IRQHandler
                0x0000000008000f24                TIM6_DAC_IRQHandler
                0x0000000008000f24                DMA2_Channel2_IRQHandler
                0x0000000008000f24                DMA1_Channel4_IRQHandler
                0x0000000008000f24                ADC1_IRQHandler
                0x0000000008000f24                DMA1_Channel7_IRQHandler
                0x0000000008000f24                CAN1_RX1_IRQHandler
                0x0000000008000f24                DMA2_Channel1_IRQHandler
                0x0000000008000f24                QUADSPI_IRQHandler
                0x0000000008000f24                I2C1_EV_IRQHandler
                0x0000000008000f24                DMA1_Channel6_IRQHandler
                0x0000000008000f24                UART4_IRQHandler
                0x0000000008000f24                DMA2_Channel4_IRQHandler
                0x0000000008000f24                TIM3_IRQHandler
                0x0000000008000f24                RCC_IRQHandler
                0x0000000008000f24                TIM1_TRG_COM_IRQHandler
                0x0000000008000f24                DMA1_Channel1_IRQHandler
                0x0000000008000f24                Default_Handler
                0x0000000008000f24                DMA2_Channel7_IRQHandler
                0x0000000008000f24                SDMMC1_IRQHandler
                0x0000000008000f24                I2C3_EV_IRQHandler
                0x0000000008000f24                USB_IRQHandler
                0x0000000008000f24                EXTI9_5_IRQHandler
                0x0000000008000f24                RTC_WKUP_IRQHandler
                0x0000000008000f24                PVD_PVM_IRQHandler
                0x0000000008000f24                SPI2_IRQHandler
                0x0000000008000f24                CAN1_TX_IRQHandler
                0x0000000008000f24                DMA2_Channel5_IRQHandler
                0x0000000008000f24                CRS_IRQHandler
                0x0000000008000f24                DMA1_Channel5_IRQHandler
                0x0000000008000f24                EXTI4_IRQHandler
                0x0000000008000f24                RNG_IRQHandler
                0x0000000008000f24                DMA1_Channel3_IRQHandler
                0x0000000008000f24                COMP_IRQHandler
                0x0000000008000f24                WWDG_IRQHandler
                0x0000000008000f24                I2C4_EV_IRQHandler
                0x0000000008000f24                LPUART1_IRQHandler
                0x0000000008000f24                DMA2_Channel6_IRQHandler
                0x0000000008000f24                TIM2_IRQHandler
                0x0000000008000f24                EXTI1_IRQHandler
                0x0000000008000f24                AES_IRQHandler
                0x0000000008000f24                DFSDM1_FLT0_IRQHandler
                0x0000000008000f24                I2C2_ER_IRQHandler
                0x0000000008000f24                DMA1_Channel2_IRQHandler
                0x0000000008000f24                CAN1_SCE_IRQHandler
                0x0000000008000f24                FLASH_IRQHandler
                0x0000000008000f24                SPI3_IRQHandler
                0x0000000008000f24                I2C1_ER_IRQHandler
                0x0000000008000f24                LPTIM1_IRQHandler
                0x0000000008000f24                I2C4_ER_IRQHandler
                0x0000000008000f24                SAI1_IRQHandler
                0x0000000008000f24                DMA2_Channel3_IRQHandler
                0x0000000008000f24                TIM1_BRK_TIM15_IRQHandler
 *fill*         0x0000000008000f26        0x2 
 .text.MX_ADC1_Init
                0x0000000008000f28       0x80 ./Application/User/adc.o
                0x0000000008000f28                MX_ADC1_Init
 .text.HAL_ADC_MspInit
                0x0000000008000fa8       0x50 ./Application/User/adc.o
                0x0000000008000fa8                HAL_ADC_MspInit
 .text.MX_GPIO_Init
                0x0000000008000ff8      0x134 ./Application/User/gpio.o
                0x0000000008000ff8                MX_GPIO_Init
 .text.MX_I2C1_Init
                0x000000000800112c       0x58 ./Application/User/i2c.o
                0x000000000800112c                MX_I2C1_Init
 .text.HAL_I2C_MspInit
                0x0000000008001184       0x5c ./Application/User/i2c.o
                0x0000000008001184                HAL_I2C_MspInit
 .text.SystemClock_Config
                0x00000000080011e0      0x108 ./Application/User/main.o
                0x00000000080011e0                SystemClock_Config
 .text.startup.main
                0x00000000080012e8       0x4c ./Application/User/main.o
                0x00000000080012e8                main
 .text.HAL_TIM_PeriodElapsedCallback
                0x0000000008001334       0x14 ./Application/User/main.o
                0x0000000008001334                HAL_TIM_PeriodElapsedCallback
 .text.Error_Handler
                0x0000000008001348        0x2 ./Application/User/main.o
                0x0000000008001348                Error_Handler
 *fill*         0x000000000800134a        0x2 
 .text.MX_QUADSPI_Init
                0x000000000800134c       0x38 ./Application/User/quadspi.o
                0x000000000800134c                MX_QUADSPI_Init
 .text.HAL_QSPI_MspInit
                0x0000000008001384       0x70 ./Application/User/quadspi.o
                0x0000000008001384                HAL_QSPI_MspInit
 .text.MX_RNG_Init
                0x00000000080013f4       0x20 ./Application/User/rng.o
                0x00000000080013f4                MX_RNG_Init
 .text.HAL_RNG_MspInit
                0x0000000008001414       0x2c ./Application/User/rng.o
                0x0000000008001414                HAL_RNG_MspInit
 .text.MX_RTC_Init
                0x0000000008001440       0x34 ./Application/User/rtc.o
                0x0000000008001440                MX_RTC_Init
 .text.HAL_RTC_MspInit
                0x0000000008001474       0x20 ./Application/User/rtc.o
                0x0000000008001474                HAL_RTC_MspInit
 .text.MX_SPI1_Init
                0x0000000008001494       0x4c ./Application/User/spi.o
                0x0000000008001494                MX_SPI1_Init
 .text.MX_SPI3_Init
                0x00000000080014e0       0x4c ./Application/User/spi.o
                0x00000000080014e0                MX_SPI3_Init
 .text.HAL_SPI_MspInit
                0x000000000800152c       0xc0 ./Application/User/spi.o
                0x000000000800152c                HAL_SPI_MspInit
 .text.HAL_MspInit
                0x00000000080015ec       0x8c ./Application/User/stm32l4xx_hal_msp.o
                0x00000000080015ec                HAL_MspInit
 .text.HAL_InitTick
                0x0000000008001678       0x78 ./Application/User/stm32l4xx_hal_timebase_TIM.o
                0x0000000008001678                HAL_InitTick
 .text.NMI_Handler
                0x00000000080016f0        0x2 ./Application/User/stm32l4xx_it.o
                0x00000000080016f0                NMI_Handler
 .text.HardFault_Handler
                0x00000000080016f2        0x2 ./Application/User/stm32l4xx_it.o
                0x00000000080016f2                HardFault_Handler
 .text.MemManage_Handler
                0x00000000080016f4        0x2 ./Application/User/stm32l4xx_it.o
                0x00000000080016f4                MemManage_Handler
 .text.BusFault_Handler
                0x00000000080016f6        0x2 ./Application/User/stm32l4xx_it.o
                0x00000000080016f6                BusFault_Handler
 .text.UsageFault_Handler
                0x00000000080016f8        0x2 ./Application/User/stm32l4xx_it.o
                0x00000000080016f8                UsageFault_Handler
 .text.DebugMon_Handler
                0x00000000080016fa        0x2 ./Application/User/stm32l4xx_it.o
                0x00000000080016fa                DebugMon_Handler
 .text.SysTick_Handler
                0x00000000080016fc       0x14 ./Application/User/stm32l4xx_it.o
                0x00000000080016fc                SysTick_Handler
 .text.TIM1_UP_TIM16_IRQHandler
                0x0000000008001710        0xc ./Application/User/stm32l4xx_it.o
                0x0000000008001710                TIM1_UP_TIM16_IRQHandler
 .text.USART1_IRQHandler
                0x000000000800171c        0xc ./Application/User/stm32l4xx_it.o
                0x000000000800171c                USART1_IRQHandler
 .text.USART2_IRQHandler
                0x0000000008001728        0xc ./Application/User/stm32l4xx_it.o
                0x0000000008001728                USART2_IRQHandler
 .text.USART3_IRQHandler
                0x0000000008001734        0xc ./Application/User/stm32l4xx_it.o
                0x0000000008001734                USART3_IRQHandler
 .text.EXTI15_10_IRQHandler
                0x0000000008001740       0x16 ./Application/User/stm32l4xx_it.o
                0x0000000008001740                EXTI15_10_IRQHandler
 .text._getpid  0x0000000008001756        0x4 ./Application/User/syscalls.o
                0x0000000008001756                _getpid
 .text._kill    0x000000000800175a       0x10 ./Application/User/syscalls.o
                0x000000000800175a                _kill
 .text._exit    0x000000000800176a        0xc ./Application/User/syscalls.o
                0x000000000800176a                _exit
 .text._read    0x0000000008001776       0x1c ./Application/User/syscalls.o
                0x0000000008001776                _read
 .text._write   0x0000000008001792       0x1c ./Application/User/syscalls.o
                0x0000000008001792                _write
 .text._close   0x00000000080017ae        0x6 ./Application/User/syscalls.o
                0x00000000080017ae                _close
 .text._fstat   0x00000000080017b4        0xa ./Application/User/syscalls.o
                0x00000000080017b4                _fstat
 .text._isatty  0x00000000080017be        0x4 ./Application/User/syscalls.o
                0x00000000080017be                _isatty
 .text._lseek   0x00000000080017c2        0x4 ./Application/User/syscalls.o
                0x00000000080017c2                _lseek
 *fill*         0x00000000080017c6        0x2 
 .text._sbrk    0x00000000080017c8       0x40 ./Application/User/sysmem.o
                0x00000000080017c8                _sbrk
 .text.HAL_TIM_PWM_MspInit
                0x0000000008001808       0x48 ./Application/User/tim.o
                0x0000000008001808                HAL_TIM_PWM_MspInit
 .text.HAL_TIM_MspPostInit
                0x0000000008001850       0x54 ./Application/User/tim.o
                0x0000000008001850                HAL_TIM_MspPostInit
 .text.MX_TIM2_Init
                0x00000000080018a4       0x70 ./Application/User/tim.o
                0x00000000080018a4                MX_TIM2_Init
 .text.MX_TIM3_Init
                0x0000000008001914       0x74 ./Application/User/tim.o
                0x0000000008001914                MX_TIM3_Init
 .text.MX_USART1_UART_Init
                0x0000000008001988       0x3c ./Application/User/usart.o
                0x0000000008001988                MX_USART1_UART_Init
 .text.MX_USART2_UART_Init
                0x00000000080019c4       0x3c ./Application/User/usart.o
                0x00000000080019c4                MX_USART2_UART_Init
 .text.HAL_UART_MspInit
                0x0000000008001a00      0x138 ./Application/User/usart.o
                0x0000000008001a00                HAL_UART_MspInit
 .text.HAL_UART_MspDeInit
                0x0000000008001b38       0x98 ./Application/User/usart.o
                0x0000000008001b38                HAL_UART_MspDeInit
 .text.MX_USB_PCD_Init
                0x0000000008001bd0       0x38 ./Application/User/usb.o
                0x0000000008001bd0                MX_USB_PCD_Init
 .text.HAL_PCD_MspInit
                0x0000000008001c08       0x54 ./Application/User/usb.o
                0x0000000008001c08                HAL_PCD_MspInit
 .text.BSP_LED_Init
                0x0000000008001c5c       0x90 ./Drivers/BSP/B_L462_CELL01/stm32l462e_cell01.o
                0x0000000008001c5c                BSP_LED_Init
 .text.atcma_init_at_func_ptrs
                0x0000000008001cec       0x5c ./Drivers/BSP/X_STMOD_PLUS_MODEMS/TYPE1SC/at_custom_modem_api.o
                0x0000000008001cec                atcma_init_at_func_ptrs
 .text.atcma_init_sysctrl_func_ptrs
                0x0000000008001d48       0x3c ./Drivers/BSP/X_STMOD_PLUS_MODEMS/TYPE1SC/at_custom_modem_api.o
                0x0000000008001d48                atcma_init_sysctrl_func_ptrs
 .text.fCmdBuild_ATD_TYPE1SC
                0x0000000008001d84       0xa0 ./Drivers/BSP/X_STMOD_PLUS_MODEMS/TYPE1SC/at_custom_modem_signalling.o
                0x0000000008001d84                fCmdBuild_ATD_TYPE1SC
 .text.fCmdBuild_SETCFG_TYPE1SC
                0x0000000008001e24      0x110 ./Drivers/BSP/X_STMOD_PLUS_MODEMS/TYPE1SC/at_custom_modem_signalling.o
                0x0000000008001e24                fCmdBuild_SETCFG_TYPE1SC
 .text.fCmdBuild_GETCFG_TYPE1SC
                0x0000000008001f34       0x98 ./Drivers/BSP/X_STMOD_PLUS_MODEMS/TYPE1SC/at_custom_modem_signalling.o
                0x0000000008001f34                fCmdBuild_GETCFG_TYPE1SC
 .text.fCmdBuild_SETBDELAY_TYPE1SC
                0x0000000008001fcc       0x4c ./Drivers/BSP/X_STMOD_PLUS_MODEMS/TYPE1SC/at_custom_modem_signalling.o
                0x0000000008001fcc                fCmdBuild_SETBDELAY_TYPE1SC
 .text.fCmdBuild_PDNSET_TYPE1SC
                0x0000000008002018      0x130 ./Drivers/BSP/X_STMOD_PLUS_MODEMS/TYPE1SC/at_custom_modem_signalling.o
                0x0000000008002018                fCmdBuild_PDNSET_TYPE1SC
 .text.fRspAnalyze_Error_TYPE1SC
                0x0000000008002148       0x7c ./Drivers/BSP/X_STMOD_PLUS_MODEMS/TYPE1SC/at_custom_modem_signalling.o
                0x0000000008002148                fRspAnalyze_Error_TYPE1SC
 .text.fRspAnalyze_CPIN_TYPE1SC
                0x00000000080021c4       0xc0 ./Drivers/BSP/X_STMOD_PLUS_MODEMS/TYPE1SC/at_custom_modem_signalling.o
                0x00000000080021c4                fRspAnalyze_CPIN_TYPE1SC
 .text.fRspAnalyze_CFUN_TYPE1SC
                0x0000000008002284       0xa4 ./Drivers/BSP/X_STMOD_PLUS_MODEMS/TYPE1SC/at_custom_modem_signalling.o
                0x0000000008002284                fRspAnalyze_CFUN_TYPE1SC
 .text.fRspAnalyze_CCID_TYPE1SC
                0x0000000008002328       0xcc ./Drivers/BSP/X_STMOD_PLUS_MODEMS/TYPE1SC/at_custom_modem_signalling.o
                0x0000000008002328                fRspAnalyze_CCID_TYPE1SC
 .text.fCmdpAnalyze_GETCFG_TYPE1SC
                0x00000000080023f4       0xfc ./Drivers/BSP/X_STMOD_PLUS_MODEMS/TYPE1SC/at_custom_modem_signalling.o
                0x00000000080023f4                fCmdpAnalyze_GETCFG_TYPE1SC
 .text.convertDigitToValue
                0x00000000080024f0       0x2e ./Drivers/BSP/X_STMOD_PLUS_MODEMS/TYPE1SC/at_custom_modem_socket.o
 *fill*         0x000000000800251e        0x2 
 .text.fCmdBuild_PDNACT
                0x0000000008002520       0xb4 ./Drivers/BSP/X_STMOD_PLUS_MODEMS/TYPE1SC/at_custom_modem_socket.o
                0x0000000008002520                fCmdBuild_PDNACT
 .text.fCmdBuild_SOCKETCMD_ALLOCATE
                0x00000000080025d4      0x168 ./Drivers/BSP/X_STMOD_PLUS_MODEMS/TYPE1SC/at_custom_modem_socket.o
                0x00000000080025d4                fCmdBuild_SOCKETCMD_ALLOCATE
 .text.fCmdBuild_SOCKETCMD_ACTIVATE
                0x000000000800273c       0x9c ./Drivers/BSP/X_STMOD_PLUS_MODEMS/TYPE1SC/at_custom_modem_socket.o
                0x000000000800273c                fCmdBuild_SOCKETCMD_ACTIVATE
 .text.fCmdBuild_SOCKETCMD_INFO
                0x00000000080027d8       0xa0 ./Drivers/BSP/X_STMOD_PLUS_MODEMS/TYPE1SC/at_custom_modem_socket.o
                0x00000000080027d8                fCmdBuild_SOCKETCMD_INFO
 .text.fCmdBuild_SOCKETCMD_DEACTIVATE
                0x0000000008002878       0x9c ./Drivers/BSP/X_STMOD_PLUS_MODEMS/TYPE1SC/at_custom_modem_socket.o
                0x0000000008002878                fCmdBuild_SOCKETCMD_DEACTIVATE
 .text.fCmdBuild_SOCKETCMD_DELETE
                0x0000000008002914       0x9c ./Drivers/BSP/X_STMOD_PLUS_MODEMS/TYPE1SC/at_custom_modem_socket.o
                0x0000000008002914                fCmdBuild_SOCKETCMD_DELETE
 .text.fCmdBuild_SOCKETDATA_SEND
                0x00000000080029b0      0x164 ./Drivers/BSP/X_STMOD_PLUS_MODEMS/TYPE1SC/at_custom_modem_socket.o
                0x00000000080029b0                fCmdBuild_SOCKETDATA_SEND
 .text.fCmdBuild_SOCKETDATA_RECEIVE
                0x0000000008002b14       0x64 ./Drivers/BSP/X_STMOD_PLUS_MODEMS/TYPE1SC/at_custom_modem_socket.o
                0x0000000008002b14                fCmdBuild_SOCKETDATA_RECEIVE
 .text.fCmdBuild_DNSRSLV
                0x0000000008002b78       0x6c ./Drivers/BSP/X_STMOD_PLUS_MODEMS/TYPE1SC/at_custom_modem_socket.o
                0x0000000008002b78                fCmdBuild_DNSRSLV
 .text.fCmdBuild_PINGCMD
                0x0000000008002be4       0x74 ./Drivers/BSP/X_STMOD_PLUS_MODEMS/TYPE1SC/at_custom_modem_socket.o
                0x0000000008002be4                fCmdBuild_PINGCMD
 .text.fRspAnalyze_PDNACT
                0x0000000008002c58       0x3c ./Drivers/BSP/X_STMOD_PLUS_MODEMS/TYPE1SC/at_custom_modem_socket.o
                0x0000000008002c58                fRspAnalyze_PDNACT
 .text.fRspAnalyze_SOCKETCMD
                0x0000000008002c94      0x230 ./Drivers/BSP/X_STMOD_PLUS_MODEMS/TYPE1SC/at_custom_modem_socket.o
                0x0000000008002c94                fRspAnalyze_SOCKETCMD
 .text.fRspAnalyze_SOCKETDATA
                0x0000000008002ec4      0x350 ./Drivers/BSP/X_STMOD_PLUS_MODEMS/TYPE1SC/at_custom_modem_socket.o
                0x0000000008002ec4                fRspAnalyze_SOCKETDATA
 .text.fRspAnalyze_SOCKETEV
                0x0000000008003214      0x1a0 ./Drivers/BSP/X_STMOD_PLUS_MODEMS/TYPE1SC/at_custom_modem_socket.o
                0x0000000008003214                fRspAnalyze_SOCKETEV
 .text.fRspAnalyze_DNSRSLV
                0x00000000080033b4      0x12c ./Drivers/BSP/X_STMOD_PLUS_MODEMS/TYPE1SC/at_custom_modem_socket.o
                0x00000000080033b4                fRspAnalyze_DNSRSLV
 .text.clear_ping_resp_struct
                0x00000000080034e0       0x2a ./Drivers/BSP/X_STMOD_PLUS_MODEMS/TYPE1SC/at_custom_modem_socket.o
                0x00000000080034e0                clear_ping_resp_struct
 *fill*         0x000000000800350a        0x2 
 .text.fRspAnalyze_PINGCMD
                0x000000000800350c      0x19c ./Drivers/BSP/X_STMOD_PLUS_MODEMS/TYPE1SC/at_custom_modem_socket.o
                0x000000000800350c                fRspAnalyze_PINGCMD
 .text.type1sc_modem_reset.constprop.0
                0x00000000080036a8       0x60 ./Drivers/BSP/X_STMOD_PLUS_MODEMS/TYPE1SC/at_custom_modem_specific.o
 .text.ATCustom_TYPE1SC_init
                0x0000000008003708       0x80 ./Drivers/BSP/X_STMOD_PLUS_MODEMS/TYPE1SC/at_custom_modem_specific.o
                0x0000000008003708                ATCustom_TYPE1SC_init
 .text.ATCustom_TYPE1SC_checkEndOfMsgCallback
                0x0000000008003788       0x30 ./Drivers/BSP/X_STMOD_PLUS_MODEMS/TYPE1SC/at_custom_modem_specific.o
                0x0000000008003788                ATCustom_TYPE1SC_checkEndOfMsgCallback
 .text.ATCustom_TYPE1SC_getCmd
                0x00000000080037b8      0xd44 ./Drivers/BSP/X_STMOD_PLUS_MODEMS/TYPE1SC/at_custom_modem_specific.o
                0x00000000080037b8                ATCustom_TYPE1SC_getCmd
 .text.ATCustom_TYPE1SC_extractElement
                0x00000000080044fc      0x11c ./Drivers/BSP/X_STMOD_PLUS_MODEMS/TYPE1SC/at_custom_modem_specific.o
                0x00000000080044fc                ATCustom_TYPE1SC_extractElement
 .text.ATCustom_TYPE1SC_analyzeCmd
                0x0000000008004618      0x33c ./Drivers/BSP/X_STMOD_PLUS_MODEMS/TYPE1SC/at_custom_modem_specific.o
                0x0000000008004618                ATCustom_TYPE1SC_analyzeCmd
 .text.ATCustom_TYPE1SC_analyzeParam
                0x0000000008004954       0x60 ./Drivers/BSP/X_STMOD_PLUS_MODEMS/TYPE1SC/at_custom_modem_specific.o
                0x0000000008004954                ATCustom_TYPE1SC_analyzeParam
 .text.ATCustom_TYPE1SC_terminateCmd
                0x00000000080049b4       0xdc ./Drivers/BSP/X_STMOD_PLUS_MODEMS/TYPE1SC/at_custom_modem_specific.o
                0x00000000080049b4                ATCustom_TYPE1SC_terminateCmd
 .text.ATCustom_TYPE1SC_get_rsp
                0x0000000008004a90       0xe0 ./Drivers/BSP/X_STMOD_PLUS_MODEMS/TYPE1SC/at_custom_modem_specific.o
                0x0000000008004a90                ATCustom_TYPE1SC_get_rsp
 .text.ATCustom_TYPE1SC_get_urc
                0x0000000008004b70       0x50 ./Drivers/BSP/X_STMOD_PLUS_MODEMS/TYPE1SC/at_custom_modem_specific.o
                0x0000000008004b70                ATCustom_TYPE1SC_get_urc
 .text.ATCustom_TYPE1SC_get_error
                0x0000000008004bc0       0x50 ./Drivers/BSP/X_STMOD_PLUS_MODEMS/TYPE1SC/at_custom_modem_specific.o
                0x0000000008004bc0                ATCustom_TYPE1SC_get_error
 .text.ATCustom_TYPE1SC_hw_event
                0x0000000008004c10       0x54 ./Drivers/BSP/X_STMOD_PLUS_MODEMS/TYPE1SC/at_custom_modem_specific.o
                0x0000000008004c10                ATCustom_TYPE1SC_hw_event
 .text.TYPE1SC_LP_disable_modem_uart
                0x0000000008004c64      0x120 ./Drivers/BSP/X_STMOD_PLUS_MODEMS/TYPE1SC/sysctrl_specific.o
 .text.enable_RING_wait_for_falling
                0x0000000008004d84       0x30 ./Drivers/BSP/X_STMOD_PLUS_MODEMS/TYPE1SC/sysctrl_specific.o
 .text.SysCtrl_TYPE1SC_getDeviceDescriptor
                0x0000000008004db4       0xb0 ./Drivers/BSP/X_STMOD_PLUS_MODEMS/TYPE1SC/sysctrl_specific.o
                0x0000000008004db4                SysCtrl_TYPE1SC_getDeviceDescriptor
 .text.SysCtrl_TYPE1SC_close_channel
                0x0000000008004e64       0xf0 ./Drivers/BSP/X_STMOD_PLUS_MODEMS/TYPE1SC/sysctrl_specific.o
                0x0000000008004e64                SysCtrl_TYPE1SC_close_channel
 .text.SysCtrl_TYPE1SC_power_on
                0x0000000008004f54       0x98 ./Drivers/BSP/X_STMOD_PLUS_MODEMS/TYPE1SC/sysctrl_specific.o
                0x0000000008004f54                SysCtrl_TYPE1SC_power_on
 .text.SysCtrl_TYPE1SC_power_off
                0x0000000008004fec       0xa8 ./Drivers/BSP/X_STMOD_PLUS_MODEMS/TYPE1SC/sysctrl_specific.o
                0x0000000008004fec                SysCtrl_TYPE1SC_power_off
 .text.SysCtrl_TYPE1SC_reset
                0x0000000008005094       0x64 ./Drivers/BSP/X_STMOD_PLUS_MODEMS/TYPE1SC/sysctrl_specific.o
                0x0000000008005094                SysCtrl_TYPE1SC_reset
 .text.SysCtrl_TYPE1SC_sim_select
                0x00000000080050f8        0x4 ./Drivers/BSP/X_STMOD_PLUS_MODEMS/TYPE1SC/sysctrl_specific.o
                0x00000000080050f8                SysCtrl_TYPE1SC_sim_select
 .text.SysCtrl_TYPE1SC_request_suspend_channel
                0x00000000080050fc       0x7c ./Drivers/BSP/X_STMOD_PLUS_MODEMS/TYPE1SC/sysctrl_specific.o
                0x00000000080050fc                SysCtrl_TYPE1SC_request_suspend_channel
 .text.SysCtrl_TYPE1SC_complete_suspend_channel
                0x0000000008005178       0xe4 ./Drivers/BSP/X_STMOD_PLUS_MODEMS/TYPE1SC/sysctrl_specific.o
                0x0000000008005178                SysCtrl_TYPE1SC_complete_suspend_channel
 .text.enable_UART
                0x000000000800525c      0x178 ./Drivers/BSP/X_STMOD_PLUS_MODEMS/TYPE1SC/sysctrl_specific.o
                0x000000000800525c                enable_UART
 .text.SysCtrl_TYPE1SC_open_channel
                0x00000000080053d4       0x8c ./Drivers/BSP/X_STMOD_PLUS_MODEMS/TYPE1SC/sysctrl_specific.o
                0x00000000080053d4                SysCtrl_TYPE1SC_open_channel
 .text.SysCtrl_TYPE1SC_resume_channel
                0x0000000008005460      0x1c0 ./Drivers/BSP/X_STMOD_PLUS_MODEMS/TYPE1SC/sysctrl_specific.o
                0x0000000008005460                SysCtrl_TYPE1SC_resume_channel
 .text.SysCtrl_TYPE1SC_reinit_channel
                0x0000000008005620       0x48 ./Drivers/BSP/X_STMOD_PLUS_MODEMS/TYPE1SC/sysctrl_specific.o
                0x0000000008005620                SysCtrl_TYPE1SC_reinit_channel
 .text.SystemInit
                0x0000000008005668       0x48 ./Drivers/CMSIS/system_stm32l4xx.o
                0x0000000008005668                SystemInit
 .text.HAL_Init
                0x00000000080056b0       0x1e ./Drivers/STM32L4xx_HAL_Driver/stm32l4xx_hal.o
                0x00000000080056b0                HAL_Init
 *fill*         0x00000000080056ce        0x2 
 .text.HAL_IncTick
                0x00000000080056d0       0x18 ./Drivers/STM32L4xx_HAL_Driver/stm32l4xx_hal.o
                0x00000000080056d0                HAL_IncTick
 .text.HAL_GetTick
                0x00000000080056e8        0xc ./Drivers/STM32L4xx_HAL_Driver/stm32l4xx_hal.o
                0x00000000080056e8                HAL_GetTick
 .text.HAL_Delay
                0x00000000080056f4       0x28 ./Drivers/STM32L4xx_HAL_Driver/stm32l4xx_hal.o
                0x00000000080056f4                HAL_Delay
 .text.LL_ADC_SetChannelSamplingTime
                0x000000000800571c       0x20 ./Drivers/STM32L4xx_HAL_Driver/stm32l4xx_hal_adc.o
 .text.LL_ADC_REG_IsConversionOngoing
                0x000000000800573c        0x8 ./Drivers/STM32L4xx_HAL_Driver/stm32l4xx_hal_adc.o
 .text.HAL_ADC_Init
                0x0000000008005744      0x1a8 ./Drivers/STM32L4xx_HAL_Driver/stm32l4xx_hal_adc.o
                0x0000000008005744                HAL_ADC_Init
 .text.HAL_ADC_ConfigChannel
                0x00000000080058ec      0x380 ./Drivers/STM32L4xx_HAL_Driver/stm32l4xx_hal_adc.o
                0x00000000080058ec                HAL_ADC_ConfigChannel
 .text.HAL_NVIC_SetPriorityGrouping
                0x0000000008005c6c       0x24 ./Drivers/STM32L4xx_HAL_Driver/stm32l4xx_hal_cortex.o
                0x0000000008005c6c                HAL_NVIC_SetPriorityGrouping
 .text.HAL_NVIC_SetPriority
                0x0000000008005c90       0x64 ./Drivers/STM32L4xx_HAL_Driver/stm32l4xx_hal_cortex.o
                0x0000000008005c90                HAL_NVIC_SetPriority
 .text.HAL_NVIC_EnableIRQ
                0x0000000008005cf4       0x1c ./Drivers/STM32L4xx_HAL_Driver/stm32l4xx_hal_cortex.o
                0x0000000008005cf4                HAL_NVIC_EnableIRQ
 .text.HAL_NVIC_DisableIRQ
                0x0000000008005d10       0x24 ./Drivers/STM32L4xx_HAL_Driver/stm32l4xx_hal_cortex.o
                0x0000000008005d10                HAL_NVIC_DisableIRQ
 .text.HAL_SYSTICK_Config
                0x0000000008005d34       0x28 ./Drivers/STM32L4xx_HAL_Driver/stm32l4xx_hal_cortex.o
                0x0000000008005d34                HAL_SYSTICK_Config
 .text.HAL_SYSTICK_CLKSourceConfig
                0x0000000008005d5c       0x16 ./Drivers/STM32L4xx_HAL_Driver/stm32l4xx_hal_cortex.o
                0x0000000008005d5c                HAL_SYSTICK_CLKSourceConfig
 .text.HAL_DMA_Abort_IT
                0x0000000008005d72       0x4c ./Drivers/STM32L4xx_HAL_Driver/stm32l4xx_hal_dma.o
                0x0000000008005d72                HAL_DMA_Abort_IT
 *fill*         0x0000000008005dbe        0x2 
 .text.HAL_GPIO_Init
                0x0000000008005dc0      0x188 ./Drivers/STM32L4xx_HAL_Driver/stm32l4xx_hal_gpio.o
                0x0000000008005dc0                HAL_GPIO_Init
 .text.HAL_GPIO_DeInit
                0x0000000008005f48       0xf4 ./Drivers/STM32L4xx_HAL_Driver/stm32l4xx_hal_gpio.o
                0x0000000008005f48                HAL_GPIO_DeInit
 .text.HAL_GPIO_ReadPin
                0x000000000800603c        0xc ./Drivers/STM32L4xx_HAL_Driver/stm32l4xx_hal_gpio.o
                0x000000000800603c                HAL_GPIO_ReadPin
 .text.HAL_GPIO_WritePin
                0x0000000008006048        0xa ./Drivers/STM32L4xx_HAL_Driver/stm32l4xx_hal_gpio.o
                0x0000000008006048                HAL_GPIO_WritePin
 *fill*         0x0000000008006052        0x2 
 .text.HAL_GPIO_EXTI_IRQHandler
                0x0000000008006054       0x18 ./Drivers/STM32L4xx_HAL_Driver/stm32l4xx_hal_gpio.o
                0x0000000008006054                HAL_GPIO_EXTI_IRQHandler
 .text.HAL_I2C_Init
                0x000000000800606c       0xa2 ./Drivers/STM32L4xx_HAL_Driver/stm32l4xx_hal_i2c.o
                0x000000000800606c                HAL_I2C_Init
 .text.HAL_I2CEx_ConfigAnalogFilter
                0x000000000800610e       0x4c ./Drivers/STM32L4xx_HAL_Driver/stm32l4xx_hal_i2c_ex.o
                0x000000000800610e                HAL_I2CEx_ConfigAnalogFilter
 .text.HAL_I2CEx_ConfigDigitalFilter
                0x000000000800615a       0x4a ./Drivers/STM32L4xx_HAL_Driver/stm32l4xx_hal_i2c_ex.o
                0x000000000800615a                HAL_I2CEx_ConfigDigitalFilter
 .text.HAL_PCD_Init
                0x00000000080061a4       0xfe ./Drivers/STM32L4xx_HAL_Driver/stm32l4xx_hal_pcd.o
                0x00000000080061a4                HAL_PCD_Init
 .text.HAL_PCDEx_ActivateLPM
                0x00000000080062a2       0x2e ./Drivers/STM32L4xx_HAL_Driver/stm32l4xx_hal_pcd_ex.o
                0x00000000080062a2                HAL_PCDEx_ActivateLPM
 .text.HAL_PWR_EnableBkUpAccess
                0x00000000080062d0       0x10 ./Drivers/STM32L4xx_HAL_Driver/stm32l4xx_hal_pwr.o
                0x00000000080062d0                HAL_PWR_EnableBkUpAccess
 .text.HAL_PWREx_GetVoltageRange
                0x00000000080062e0       0x10 ./Drivers/STM32L4xx_HAL_Driver/stm32l4xx_hal_pwr_ex.o
                0x00000000080062e0                HAL_PWREx_GetVoltageRange
 .text.HAL_PWREx_ControlVoltageScaling
                0x00000000080062f0       0x6c ./Drivers/STM32L4xx_HAL_Driver/stm32l4xx_hal_pwr_ex.o
                0x00000000080062f0                HAL_PWREx_ControlVoltageScaling
 .text.QSPI_WaitFlagStateUntilTimeout
                0x000000000800635c       0x4e ./Drivers/STM32L4xx_HAL_Driver/stm32l4xx_hal_qspi.o
 *fill*         0x00000000080063aa        0x2 
 .text.HAL_QSPI_Init
                0x00000000080063ac       0xa8 ./Drivers/STM32L4xx_HAL_Driver/stm32l4xx_hal_qspi.o
                0x00000000080063ac                HAL_QSPI_Init
 .text.RCC_SetFlashLatencyFromMSIRange
                0x0000000008006454       0x84 ./Drivers/STM32L4xx_HAL_Driver/stm32l4xx_hal_rcc.o
 .text.HAL_RCC_MCOConfig
                0x00000000080064d8       0x50 ./Drivers/STM32L4xx_HAL_Driver/stm32l4xx_hal_rcc.o
                0x00000000080064d8                HAL_RCC_MCOConfig
 .text.HAL_RCC_GetSysClockFreq
                0x0000000008006528       0x9c ./Drivers/STM32L4xx_HAL_Driver/stm32l4xx_hal_rcc.o
                0x0000000008006528                HAL_RCC_GetSysClockFreq
 .text.HAL_RCC_OscConfig
                0x00000000080065c4      0x554 ./Drivers/STM32L4xx_HAL_Driver/stm32l4xx_hal_rcc.o
                0x00000000080065c4                HAL_RCC_OscConfig
 .text.HAL_RCC_ClockConfig
                0x0000000008006b18      0x128 ./Drivers/STM32L4xx_HAL_Driver/stm32l4xx_hal_rcc.o
                0x0000000008006b18                HAL_RCC_ClockConfig
 .text.HAL_RCC_GetHCLKFreq
                0x0000000008006c40        0xc ./Drivers/STM32L4xx_HAL_Driver/stm32l4xx_hal_rcc.o
                0x0000000008006c40                HAL_RCC_GetHCLKFreq
 .text.HAL_RCC_GetPCLK1Freq
                0x0000000008006c4c       0x24 ./Drivers/STM32L4xx_HAL_Driver/stm32l4xx_hal_rcc.o
                0x0000000008006c4c                HAL_RCC_GetPCLK1Freq
 .text.HAL_RCC_GetPCLK2Freq
                0x0000000008006c70       0x24 ./Drivers/STM32L4xx_HAL_Driver/stm32l4xx_hal_rcc.o
                0x0000000008006c70                HAL_RCC_GetPCLK2Freq
 .text.HAL_RCC_GetClockConfig
                0x0000000008006c94       0x3c ./Drivers/STM32L4xx_HAL_Driver/stm32l4xx_hal_rcc.o
                0x0000000008006c94                HAL_RCC_GetClockConfig
 .text.RCCEx_PLLSAI1_Config
                0x0000000008006cd0      0x110 ./Drivers/STM32L4xx_HAL_Driver/stm32l4xx_hal_rcc_ex.o
 .text.HAL_RCCEx_PeriphCLKConfig
                0x0000000008006de0      0x31c ./Drivers/STM32L4xx_HAL_Driver/stm32l4xx_hal_rcc_ex.o
                0x0000000008006de0                HAL_RCCEx_PeriphCLKConfig
 .text.HAL_RCCEx_EnableMSIPLLMode
                0x00000000080070fc       0x10 ./Drivers/STM32L4xx_HAL_Driver/stm32l4xx_hal_rcc_ex.o
                0x00000000080070fc                HAL_RCCEx_EnableMSIPLLMode
 .text.HAL_RNG_Init
                0x000000000800710c       0x5c ./Drivers/STM32L4xx_HAL_Driver/stm32l4xx_hal_rng.o
                0x000000000800710c                HAL_RNG_Init
 .text.HAL_RNG_GenerateRandomNumber
                0x0000000008007168       0x68 ./Drivers/STM32L4xx_HAL_Driver/stm32l4xx_hal_rng.o
                0x0000000008007168                HAL_RNG_GenerateRandomNumber
 .text.HAL_RTC_WaitForSynchro
                0x00000000080071d0       0x30 ./Drivers/STM32L4xx_HAL_Driver/stm32l4xx_hal_rtc.o
                0x00000000080071d0                HAL_RTC_WaitForSynchro
 .text.RTC_EnterInitMode
                0x0000000008007200       0x44 ./Drivers/STM32L4xx_HAL_Driver/stm32l4xx_hal_rtc.o
                0x0000000008007200                RTC_EnterInitMode
 .text.RTC_ExitInitMode
                0x0000000008007244       0x44 ./Drivers/STM32L4xx_HAL_Driver/stm32l4xx_hal_rtc.o
                0x0000000008007244                RTC_ExitInitMode
 .text.HAL_RTC_Init
                0x0000000008007288       0x8c ./Drivers/STM32L4xx_HAL_Driver/stm32l4xx_hal_rtc.o
                0x0000000008007288                HAL_RTC_Init
 .text.SPI_WaitFifoStateUntilTimeout.constprop.0
                0x0000000008007314       0xb4 ./Drivers/STM32L4xx_HAL_Driver/stm32l4xx_hal_spi.o
 .text.SPI_WaitFlagStateUntilTimeout.constprop.0
                0x00000000080073c8       0xa4 ./Drivers/STM32L4xx_HAL_Driver/stm32l4xx_hal_spi.o
 .text.SPI_EndRxTxTransaction
                0x000000000800746c       0x4a ./Drivers/STM32L4xx_HAL_Driver/stm32l4xx_hal_spi.o
 .text.HAL_SPI_Init
                0x00000000080074b6       0xd4 ./Drivers/STM32L4xx_HAL_Driver/stm32l4xx_hal_spi.o
                0x00000000080074b6                HAL_SPI_Init
 .text.HAL_SPI_TransmitReceive
                0x000000000800758a      0x24a ./Drivers/STM32L4xx_HAL_Driver/stm32l4xx_hal_spi.o
                0x000000000800758a                HAL_SPI_TransmitReceive
 .text.TIM_OC1_SetConfig
                0x00000000080077d4       0x78 ./Drivers/STM32L4xx_HAL_Driver/stm32l4xx_hal_tim.o
 .text.TIM_OC3_SetConfig
                0x000000000800784c       0x70 ./Drivers/STM32L4xx_HAL_Driver/stm32l4xx_hal_tim.o
 .text.TIM_OC4_SetConfig
                0x00000000080078bc       0x58 ./Drivers/STM32L4xx_HAL_Driver/stm32l4xx_hal_tim.o
 .text.TIM_OC5_SetConfig
                0x0000000008007914       0x58 ./Drivers/STM32L4xx_HAL_Driver/stm32l4xx_hal_tim.o
 .text.TIM_OC6_SetConfig
                0x000000000800796c       0x58 ./Drivers/STM32L4xx_HAL_Driver/stm32l4xx_hal_tim.o
 .text.HAL_TIM_Base_MspInit
                0x00000000080079c4        0x2 ./Drivers/STM32L4xx_HAL_Driver/stm32l4xx_hal_tim.o
                0x00000000080079c4                HAL_TIM_Base_MspInit
 *fill*         0x00000000080079c6        0x2 
 .text.HAL_TIM_Base_Start_IT
                0x00000000080079c8       0x5c ./Drivers/STM32L4xx_HAL_Driver/stm32l4xx_hal_tim.o
                0x00000000080079c8                HAL_TIM_Base_Start_IT
 .text.HAL_TIM_OC_DelayElapsedCallback
                0x0000000008007a24        0x2 ./Drivers/STM32L4xx_HAL_Driver/stm32l4xx_hal_tim.o
                0x0000000008007a24                HAL_TIM_OC_DelayElapsedCallback
 .text.HAL_TIM_IC_CaptureCallback
                0x0000000008007a26        0x2 ./Drivers/STM32L4xx_HAL_Driver/stm32l4xx_hal_tim.o
                0x0000000008007a26                HAL_TIM_IC_CaptureCallback
 .text.HAL_TIM_PWM_PulseFinishedCallback
                0x0000000008007a28        0x2 ./Drivers/STM32L4xx_HAL_Driver/stm32l4xx_hal_tim.o
                0x0000000008007a28                HAL_TIM_PWM_PulseFinishedCallback
 .text.HAL_TIM_TriggerCallback
                0x0000000008007a2a        0x2 ./Drivers/STM32L4xx_HAL_Driver/stm32l4xx_hal_tim.o
                0x0000000008007a2a                HAL_TIM_TriggerCallback
 .text.HAL_TIM_IRQHandler
                0x0000000008007a2c      0x160 ./Drivers/STM32L4xx_HAL_Driver/stm32l4xx_hal_tim.o
                0x0000000008007a2c                HAL_TIM_IRQHandler
 .text.TIM_Base_SetConfig
                0x0000000008007b8c       0x84 ./Drivers/STM32L4xx_HAL_Driver/stm32l4xx_hal_tim.o
                0x0000000008007b8c                TIM_Base_SetConfig
 .text.HAL_TIM_Base_Init
                0x0000000008007c10       0x60 ./Drivers/STM32L4xx_HAL_Driver/stm32l4xx_hal_tim.o
                0x0000000008007c10                HAL_TIM_Base_Init
 .text.HAL_TIM_PWM_Init
                0x0000000008007c70       0x60 ./Drivers/STM32L4xx_HAL_Driver/stm32l4xx_hal_tim.o
                0x0000000008007c70                HAL_TIM_PWM_Init
 .text.TIM_OC2_SetConfig
                0x0000000008007cd0       0x70 ./Drivers/STM32L4xx_HAL_Driver/stm32l4xx_hal_tim.o
                0x0000000008007cd0                TIM_OC2_SetConfig
 .text.HAL_TIM_PWM_ConfigChannel
                0x0000000008007d40       0xf6 ./Drivers/STM32L4xx_HAL_Driver/stm32l4xx_hal_tim.o
                0x0000000008007d40                HAL_TIM_PWM_ConfigChannel
 *fill*         0x0000000008007e36        0x2 
 .text.HAL_TIMEx_MasterConfigSynchronization
                0x0000000008007e38       0x6c ./Drivers/STM32L4xx_HAL_Driver/stm32l4xx_hal_tim_ex.o
                0x0000000008007e38                HAL_TIMEx_MasterConfigSynchronization
 .text.HAL_TIMEx_CommutCallback
                0x0000000008007ea4        0x2 ./Drivers/STM32L4xx_HAL_Driver/stm32l4xx_hal_tim_ex.o
                0x0000000008007ea4                HAL_TIMEx_CommutCallback
 .text.HAL_TIMEx_BreakCallback
                0x0000000008007ea6        0x2 ./Drivers/STM32L4xx_HAL_Driver/stm32l4xx_hal_tim_ex.o
                0x0000000008007ea6                HAL_TIMEx_BreakCallback
 .text.HAL_TIMEx_Break2Callback
                0x0000000008007ea8        0x2 ./Drivers/STM32L4xx_HAL_Driver/stm32l4xx_hal_tim_ex.o
                0x0000000008007ea8                HAL_TIMEx_Break2Callback
 .text.UART_EndRxTransfer
                0x0000000008007eaa       0x1c ./Drivers/STM32L4xx_HAL_Driver/stm32l4xx_hal_uart.o
 .text.UART_TxISR_8BIT
                0x0000000008007ec6       0x3a ./Drivers/STM32L4xx_HAL_Driver/stm32l4xx_hal_uart.o
 .text.UART_TxISR_16BIT
                0x0000000008007f00       0x3e ./Drivers/STM32L4xx_HAL_Driver/stm32l4xx_hal_uart.o
 .text.HAL_UART_DeInit
                0x0000000008007f3e       0x32 ./Drivers/STM32L4xx_HAL_Driver/stm32l4xx_hal_uart.o
                0x0000000008007f3e                HAL_UART_DeInit
 .text.HAL_UART_Transmit_IT
                0x0000000008007f70       0x64 ./Drivers/STM32L4xx_HAL_Driver/stm32l4xx_hal_uart.o
                0x0000000008007f70                HAL_UART_Transmit_IT
 .text.HAL_UART_Receive_IT
                0x0000000008007fd4       0xac ./Drivers/STM32L4xx_HAL_Driver/stm32l4xx_hal_uart.o
                0x0000000008007fd4                HAL_UART_Receive_IT
 .text.UART_RxISR_8BIT
                0x0000000008008080       0x5a ./Drivers/STM32L4xx_HAL_Driver/stm32l4xx_hal_uart.o
 .text.UART_RxISR_16BIT
                0x00000000080080da       0x56 ./Drivers/STM32L4xx_HAL_Driver/stm32l4xx_hal_uart.o
 .text.HAL_UART_IRQHandler
                0x0000000008008130      0x14c ./Drivers/STM32L4xx_HAL_Driver/stm32l4xx_hal_uart.o
                0x0000000008008130                HAL_UART_IRQHandler
 .text.UART_DMAAbortOnError
                0x000000000800827c       0x14 ./Drivers/STM32L4xx_HAL_Driver/stm32l4xx_hal_uart.o
 .text.HAL_UART_AbortTransmitCpltCallback
                0x0000000008008290        0x2 ./Drivers/STM32L4xx_HAL_Driver/stm32l4xx_hal_uart.o
                0x0000000008008290                HAL_UART_AbortTransmitCpltCallback
 *fill*         0x0000000008008292        0x2 
 .text.HAL_UART_AbortTransmit_IT
                0x0000000008008294       0x4c ./Drivers/STM32L4xx_HAL_Driver/stm32l4xx_hal_uart.o
                0x0000000008008294                HAL_UART_AbortTransmit_IT
 .text.UART_DMATxOnlyAbortCallback
                0x00000000080082e0       0x14 ./Drivers/STM32L4xx_HAL_Driver/stm32l4xx_hal_uart.o
 .text.UART_SetConfig
                0x00000000080082f4      0x254 ./Drivers/STM32L4xx_HAL_Driver/stm32l4xx_hal_uart.o
                0x00000000080082f4                UART_SetConfig
 .text.UART_AdvFeatureConfig
                0x0000000008008548       0xa8 ./Drivers/STM32L4xx_HAL_Driver/stm32l4xx_hal_uart.o
                0x0000000008008548                UART_AdvFeatureConfig
 .text.UART_WaitOnFlagUntilTimeout
                0x00000000080085f0       0x8a ./Drivers/STM32L4xx_HAL_Driver/stm32l4xx_hal_uart.o
                0x00000000080085f0                UART_WaitOnFlagUntilTimeout
 .text.HAL_UART_Transmit
                0x000000000800867a       0xb2 ./Drivers/STM32L4xx_HAL_Driver/stm32l4xx_hal_uart.o
                0x000000000800867a                HAL_UART_Transmit
 .text.UART_CheckIdleState
                0x000000000800872c       0x62 ./Drivers/STM32L4xx_HAL_Driver/stm32l4xx_hal_uart.o
                0x000000000800872c                UART_CheckIdleState
 .text.HAL_UART_Init
                0x000000000800878e       0x5c ./Drivers/STM32L4xx_HAL_Driver/stm32l4xx_hal_uart.o
                0x000000000800878e                HAL_UART_Init
 .text.HAL_UARTEx_WakeupCallback
                0x00000000080087ea        0x2 ./Drivers/STM32L4xx_HAL_Driver/stm32l4xx_hal_uart_ex.o
                0x00000000080087ea                HAL_UARTEx_WakeupCallback
 .text.USB_CoreInit
                0x00000000080087ec        0xe ./Drivers/STM32L4xx_HAL_Driver/stm32l4xx_ll_usb.o
                0x00000000080087ec                USB_CoreInit
 .text.USB_DisableGlobalInt
                0x00000000080087fa       0x14 ./Drivers/STM32L4xx_HAL_Driver/stm32l4xx_ll_usb.o
                0x00000000080087fa                USB_DisableGlobalInt
 .text.USB_SetCurrentMode
                0x000000000800880e        0x4 ./Drivers/STM32L4xx_HAL_Driver/stm32l4xx_ll_usb.o
                0x000000000800880e                USB_SetCurrentMode
 .text.USB_DevInit
                0x0000000008008812       0x28 ./Drivers/STM32L4xx_HAL_Driver/stm32l4xx_ll_usb.o
                0x0000000008008812                USB_DevInit
 .text.USB_DevDisconnect
                0x000000000800883a       0x10 ./Drivers/STM32L4xx_HAL_Driver/stm32l4xx_ll_usb.o
                0x000000000800883a                USB_DevDisconnect
 *fill*         0x000000000800884a        0x2 
 .text.msgReceivedCallback
                0x000000000800884c       0x70 ./Middlewares/Cellular/Core/AT_Core/at_core.o
 .text.ATCoreTaskBody
                0x00000000080088bc      0x3bc ./Middlewares/Cellular/Core/AT_Core/at_core.o
 .text.msgSentCallback
                0x0000000008008c78       0x2c ./Middlewares/Cellular/Core/AT_Core/at_core.o
 .text.AT_init  0x0000000008008ca4       0x58 ./Middlewares/Cellular/Core/AT_Core/at_core.o
                0x0000000008008ca4                AT_init
 .text.AT_open  0x0000000008008cfc       0xb4 ./Middlewares/Cellular/Core/AT_Core/at_core.o
                0x0000000008008cfc                AT_open
 .text.AT_open_channel
                0x0000000008008db0       0x94 ./Middlewares/Cellular/Core/AT_Core/at_core.o
                0x0000000008008db0                AT_open_channel
 .text.AT_close_channel
                0x0000000008008e44       0x5c ./Middlewares/Cellular/Core/AT_Core/at_core.o
                0x0000000008008e44                AT_close_channel
 .text.AT_sendcmd
                0x0000000008008ea0      0x56c ./Middlewares/Cellular/Core/AT_Core/at_core.o
                0x0000000008008ea0                AT_sendcmd
 .text.AT_internalEvent
                0x000000000800940c       0x50 ./Middlewares/Cellular/Core/AT_Core/at_core.o
                0x000000000800940c                AT_internalEvent
 .text.atcore_task_start
                0x000000000800945c      0x11c ./Middlewares/Cellular/Core/AT_Core/at_core.o
                0x000000000800945c                atcore_task_start
 .text.check_structure_to_read
                0x0000000008009578       0xa4 ./Middlewares/Cellular/Core/AT_Core/at_datapack.o
 .text.DATAPACK_writePtr
                0x000000000800961c       0x58 ./Middlewares/Cellular/Core/AT_Core/at_datapack.o
                0x000000000800961c                DATAPACK_writePtr
 .text.DATAPACK_writeStruct
                0x0000000008009674       0xb0 ./Middlewares/Cellular/Core/AT_Core/at_datapack.o
                0x0000000008009674                DATAPACK_writeStruct
 .text.DATAPACK_readPtr
                0x0000000008009724       0x58 ./Middlewares/Cellular/Core/AT_Core/at_datapack.o
                0x0000000008009724                DATAPACK_readPtr
 .text.DATAPACK_readStruct
                0x000000000800977c       0x64 ./Middlewares/Cellular/Core/AT_Core/at_datapack.o
                0x000000000800977c                DATAPACK_readStruct
 .text.DATAPACK_readMsgType
                0x00000000080097e0        0xc ./Middlewares/Cellular/Core/AT_Core/at_datapack.o
                0x00000000080097e0                DATAPACK_readMsgType
 .text.atcc_initParsers
                0x00000000080097ec       0x58 ./Middlewares/Cellular/Core/AT_Core/at_modem_api.o
                0x00000000080097ec                atcc_initParsers
 .text.atcc_init
                0x0000000008009844       0x14 ./Middlewares/Cellular/Core/AT_Core/at_modem_api.o
                0x0000000008009844                atcc_init
 .text.atcc_checkEndOfMsgCallback
                0x0000000008009858       0x14 ./Middlewares/Cellular/Core/AT_Core/at_modem_api.o
                0x0000000008009858                atcc_checkEndOfMsgCallback
 .text.atcc_getCmd
                0x000000000800986c       0x54 ./Middlewares/Cellular/Core/AT_Core/at_modem_api.o
                0x000000000800986c                atcc_getCmd
 .text.atcc_extractElement
                0x00000000080098c0       0x98 ./Middlewares/Cellular/Core/AT_Core/at_modem_api.o
                0x00000000080098c0                atcc_extractElement
 .text.atcc_analyzeCmd
                0x0000000008009958       0x54 ./Middlewares/Cellular/Core/AT_Core/at_modem_api.o
                0x0000000008009958                atcc_analyzeCmd
 .text.atcc_analyzeParam
                0x00000000080099ac       0x54 ./Middlewares/Cellular/Core/AT_Core/at_modem_api.o
                0x00000000080099ac                atcc_analyzeParam
 .text.atcc_terminateCmd
                0x0000000008009a00       0x54 ./Middlewares/Cellular/Core/AT_Core/at_modem_api.o
                0x0000000008009a00                atcc_terminateCmd
 .text.atcc_get_rsp
                0x0000000008009a54       0x54 ./Middlewares/Cellular/Core/AT_Core/at_modem_api.o
                0x0000000008009a54                atcc_get_rsp
 .text.atcc_get_urc
                0x0000000008009aa8       0x54 ./Middlewares/Cellular/Core/AT_Core/at_modem_api.o
                0x0000000008009aa8                atcc_get_urc
 .text.atcc_get_error
                0x0000000008009afc       0x54 ./Middlewares/Cellular/Core/AT_Core/at_modem_api.o
                0x0000000008009afc                atcc_get_error
 .text.atcc_hw_event
                0x0000000008009b50       0x10 ./Middlewares/Cellular/Core/AT_Core/at_modem_api.o
                0x0000000008009b50                atcc_hw_event
 .text.atcm_put_IP_address_infos
                0x0000000008009b60       0x30 ./Middlewares/Cellular/Core/AT_Core/at_modem_common.o
                0x0000000008009b60                atcm_put_IP_address_infos
 .text.atcm_get_IP_address_infos
                0x0000000008009b90       0x30 ./Middlewares/Cellular/Core/AT_Core/at_modem_common.o
                0x0000000008009b90                atcm_get_IP_address_infos
 .text.atcm_get_ip_address_type
                0x0000000008009bc0       0x58 ./Middlewares/Cellular/Core/AT_Core/at_modem_common.o
                0x0000000008009bc0                atcm_get_ip_address_type
 .text.atcm_extract_IP_address
                0x0000000008009c18       0x32 ./Middlewares/Cellular/Core/AT_Core/at_modem_common.o
                0x0000000008009c18                atcm_extract_IP_address
 *fill*         0x0000000008009c4a        0x2 
 .text.atcm_get_cid_current_SID
                0x0000000008009c4c       0x48 ./Middlewares/Cellular/Core/AT_Core/at_modem_common.o
                0x0000000008009c4c                atcm_get_cid_current_SID
 .text.atcm_get_CmdStr
                0x0000000008009c94       0x3c ./Middlewares/Cellular/Core/AT_Core/at_modem_common.o
                0x0000000008009c94                atcm_get_CmdStr
 .text.atcm_get_CmdTimeout
                0x0000000008009cd0       0x3a ./Middlewares/Cellular/Core/AT_Core/at_modem_common.o
                0x0000000008009cd0                atcm_get_CmdTimeout
 *fill*         0x0000000008009d0a        0x2 
 .text.atcm_get_CmdBuildFunc
                0x0000000008009d0c       0x3c ./Middlewares/Cellular/Core/AT_Core/at_modem_common.o
                0x0000000008009d0c                atcm_get_CmdBuildFunc
 .text.atcm_get_CmdAnalyzeFunc
                0x0000000008009d48       0x3c ./Middlewares/Cellular/Core/AT_Core/at_modem_common.o
                0x0000000008009d48                atcm_get_CmdAnalyzeFunc
 .text.atcm_get_PDPtypeStr
                0x0000000008009d84       0x38 ./Middlewares/Cellular/Core/AT_Core/at_modem_common.o
                0x0000000008009d84                atcm_get_PDPtypeStr
 .text.atcm_program_AT_CMD
                0x0000000008009dbc       0x24 ./Middlewares/Cellular/Core/AT_Core/at_modem_common.o
                0x0000000008009dbc                atcm_program_AT_CMD
 .text.atcm_program_AT_CMD_ANSWER_OPTIONAL
                0x0000000008009de0       0x24 ./Middlewares/Cellular/Core/AT_Core/at_modem_common.o
                0x0000000008009de0                atcm_program_AT_CMD_ANSWER_OPTIONAL
 .text.atcm_program_CMD_TIMEOUT
                0x0000000008009e04       0x14 ./Middlewares/Cellular/Core/AT_Core/at_modem_common.o
                0x0000000008009e04                atcm_program_CMD_TIMEOUT
 .text.atcm_program_TEMPO
                0x0000000008009e18       0x58 ./Middlewares/Cellular/Core/AT_Core/at_modem_common.o
                0x0000000008009e18                atcm_program_TEMPO
 .text.atcm_program_NO_MORE_CMD
                0x0000000008009e70       0x18 ./Middlewares/Cellular/Core/AT_Core/at_modem_common.o
                0x0000000008009e70                atcm_program_NO_MORE_CMD
 .text.atcm_program_SKIP_CMD
                0x0000000008009e88       0x18 ./Middlewares/Cellular/Core/AT_Core/at_modem_common.o
                0x0000000008009e88                atcm_program_SKIP_CMD
 .text.atcm_modem_build_cmd
                0x0000000008009ea0       0xf8 ./Middlewares/Cellular/Core/AT_Core/at_modem_common.o
                0x0000000008009ea0                atcm_modem_build_cmd
 .text.atcm_modem_get_rsp
                0x0000000008009f98      0x16c ./Middlewares/Cellular/Core/AT_Core/at_modem_common.o
                0x0000000008009f98                atcm_modem_get_rsp
 .text.atcm_modem_get_urc
                0x000000000800a104      0x5cc ./Middlewares/Cellular/Core/AT_Core/at_modem_common.o
                0x000000000800a104                atcm_modem_get_urc
 .text.atcm_modem_get_error
                0x000000000800a6d0       0x4c ./Middlewares/Cellular/Core/AT_Core/at_modem_common.o
                0x000000000800a6d0                atcm_modem_get_error
 .text.atcm_subscribe_net_event
                0x000000000800a71c       0x9c ./Middlewares/Cellular/Core/AT_Core/at_modem_common.o
                0x000000000800a71c                atcm_subscribe_net_event
 .text.atcm_unsubscribe_net_event
                0x000000000800a7b8       0x84 ./Middlewares/Cellular/Core/AT_Core/at_modem_common.o
                0x000000000800a7b8                atcm_unsubscribe_net_event
 .text.atcm_validate_ping_request
                0x000000000800a83c       0x2c ./Middlewares/Cellular/Core/AT_Core/at_modem_common.o
                0x000000000800a83c                atcm_validate_ping_request
 .text.atcm_modem_event_received
                0x000000000800a868       0x14 ./Middlewares/Cellular/Core/AT_Core/at_modem_common.o
                0x000000000800a868                atcm_modem_event_received
 .text.atcm_reset_persistent_context
                0x000000000800a87c      0x138 ./Middlewares/Cellular/Core/AT_Core/at_modem_common.o
                0x000000000800a87c                atcm_reset_persistent_context
 .text.atcm_reset_SID_context
                0x000000000800a9b4       0xbc ./Middlewares/Cellular/Core/AT_Core/at_modem_common.o
                0x000000000800a9b4                atcm_reset_SID_context
 .text.atcm_reset_CMD_context
                0x000000000800aa70       0x5c ./Middlewares/Cellular/Core/AT_Core/at_modem_common.o
                0x000000000800aa70                atcm_reset_CMD_context
 .text.atcm_reset_SOCKET_context
                0x000000000800aacc       0x64 ./Middlewares/Cellular/Core/AT_Core/at_modem_common.o
                0x000000000800aacc                atcm_reset_SOCKET_context
 .text.atcm_modem_init
                0x000000000800ab30       0x60 ./Middlewares/Cellular/Core/AT_Core/at_modem_common.o
                0x000000000800ab30                atcm_modem_init
 .text.atcm_modem_reset
                0x000000000800ab90       0x58 ./Middlewares/Cellular/Core/AT_Core/at_modem_common.o
                0x000000000800ab90                atcm_modem_reset
 .text.atcm_searchCmdInLUT
                0x000000000800abe8       0xb8 ./Middlewares/Cellular/Core/AT_Core/at_modem_common.o
                0x000000000800abe8                atcm_searchCmdInLUT
 .text.atcm_check_text_line_cmd
                0x000000000800aca0       0x90 ./Middlewares/Cellular/Core/AT_Core/at_modem_common.o
                0x000000000800aca0                atcm_check_text_line_cmd
 .text.atcm_retrieve_SID_parameters
                0x000000000800ad30      0x288 ./Middlewares/Cellular/Core/AT_Core/at_modem_common.o
                0x000000000800ad30                atcm_retrieve_SID_parameters
 .text.atcm_get_affected_modem_cid
                0x000000000800afb8       0x64 ./Middlewares/Cellular/Core/AT_Core/at_modem_common.o
                0x000000000800afb8                atcm_get_affected_modem_cid
 .text.atcm_get_configID_for_modem_cid
                0x000000000800b01c       0x1c ./Middlewares/Cellular/Core/AT_Core/at_modem_common.o
                0x000000000800b01c                atcm_get_configID_for_modem_cid
 .text.atcm_convert_index_to_PDN_conf
                0x000000000800b038        0x8 ./Middlewares/Cellular/Core/AT_Core/at_modem_common.o
                0x000000000800b038                atcm_convert_index_to_PDN_conf
 .text.reset_pdn_event
                0x000000000800b040        0xc ./Middlewares/Cellular/Core/AT_Core/at_modem_common.o
                0x000000000800b040                reset_pdn_event
 .text.display_clear_network_state
                0x000000000800b04c       0xa8 ./Middlewares/Cellular/Core/AT_Core/at_modem_signalling.o
 .text.extract_hex_value_from_quotes
                0x000000000800b0f4       0x1c ./Middlewares/Cellular/Core/AT_Core/at_modem_signalling.o
 .text.extract_bin_value_from_quotes
                0x000000000800b110       0x1c ./Middlewares/Cellular/Core/AT_Core/at_modem_signalling.o
 .text.fCmdBuild_NoParams
                0x000000000800b12c       0x3c ./Middlewares/Cellular/Core/AT_Core/at_modem_signalling.o
                0x000000000800b12c                fCmdBuild_NoParams
 .text.fCmdBuild_CGSN
                0x000000000800b168       0x58 ./Middlewares/Cellular/Core/AT_Core/at_modem_signalling.o
                0x000000000800b168                fCmdBuild_CGSN
 .text.fCmdBuild_CMEE
                0x000000000800b1c0       0x58 ./Middlewares/Cellular/Core/AT_Core/at_modem_signalling.o
                0x000000000800b1c0                fCmdBuild_CMEE
 .text.fCmdBuild_CPIN
                0x000000000800b218       0x8c ./Middlewares/Cellular/Core/AT_Core/at_modem_signalling.o
                0x000000000800b218                fCmdBuild_CPIN
 .text.fCmdBuild_CFUN
                0x000000000800b2a4       0x84 ./Middlewares/Cellular/Core/AT_Core/at_modem_signalling.o
                0x000000000800b2a4                fCmdBuild_CFUN
 .text.fCmdBuild_COPS
                0x000000000800b328      0x104 ./Middlewares/Cellular/Core/AT_Core/at_modem_signalling.o
                0x000000000800b328                fCmdBuild_COPS
 .text.fCmdBuild_CGATT
                0x000000000800b42c       0xa4 ./Middlewares/Cellular/Core/AT_Core/at_modem_signalling.o
                0x000000000800b42c                fCmdBuild_CGATT
 .text.fCmdBuild_CREG
                0x000000000800b4d0       0x70 ./Middlewares/Cellular/Core/AT_Core/at_modem_signalling.o
                0x000000000800b4d0                fCmdBuild_CREG
 .text.fCmdBuild_CGREG
                0x000000000800b540       0x7c ./Middlewares/Cellular/Core/AT_Core/at_modem_signalling.o
                0x000000000800b540                fCmdBuild_CGREG
 .text.fCmdBuild_CEREG
                0x000000000800b5bc       0x7c ./Middlewares/Cellular/Core/AT_Core/at_modem_signalling.o
                0x000000000800b5bc                fCmdBuild_CEREG
 .text.fCmdBuild_CGEREP
                0x000000000800b638       0x64 ./Middlewares/Cellular/Core/AT_Core/at_modem_signalling.o
                0x000000000800b638                fCmdBuild_CGEREP
 .text.fCmdBuild_CGDCONT
                0x000000000800b69c       0xf8 ./Middlewares/Cellular/Core/AT_Core/at_modem_signalling.o
                0x000000000800b69c                fCmdBuild_CGDCONT
 .text.fCmdBuild_CGACT
                0x000000000800b794       0xb4 ./Middlewares/Cellular/Core/AT_Core/at_modem_signalling.o
                0x000000000800b794                fCmdBuild_CGACT
 .text.fCmdBuild_CGDATA
                0x000000000800b848       0xac ./Middlewares/Cellular/Core/AT_Core/at_modem_signalling.o
                0x000000000800b848                fCmdBuild_CGDATA
 .text.fCmdBuild_CGPADDR
                0x000000000800b8f4       0xac ./Middlewares/Cellular/Core/AT_Core/at_modem_signalling.o
                0x000000000800b8f4                fCmdBuild_CGPADDR
 .text.fCmdBuild_ATE
                0x000000000800b9a0       0x60 ./Middlewares/Cellular/Core/AT_Core/at_modem_signalling.o
                0x000000000800b9a0                fCmdBuild_ATE
 .text.fCmdBuild_ATV
                0x000000000800ba00       0x60 ./Middlewares/Cellular/Core/AT_Core/at_modem_signalling.o
                0x000000000800ba00                fCmdBuild_ATV
 .text.fCmdBuild_ATX
                0x000000000800ba60       0x50 ./Middlewares/Cellular/Core/AT_Core/at_modem_signalling.o
                0x000000000800ba60                fCmdBuild_ATX
 .text.fCmdBuild_IPR
                0x000000000800bab0       0x58 ./Middlewares/Cellular/Core/AT_Core/at_modem_signalling.o
                0x000000000800bab0                fCmdBuild_IPR
 .text.fCmdBuild_IFC
                0x000000000800bb08       0x60 ./Middlewares/Cellular/Core/AT_Core/at_modem_signalling.o
                0x000000000800bb08                fCmdBuild_IFC
 .text.fCmdBuild_ESCAPE_CMD
                0x000000000800bb68       0x5c ./Middlewares/Cellular/Core/AT_Core/at_modem_signalling.o
                0x000000000800bb68                fCmdBuild_ESCAPE_CMD
 .text.fCmdBuild_AT_AND_D
                0x000000000800bbc4       0x50 ./Middlewares/Cellular/Core/AT_Core/at_modem_signalling.o
                0x000000000800bbc4                fCmdBuild_AT_AND_D
 .text.fCmdBuild_CPSMS
                0x000000000800bc14      0x140 ./Middlewares/Cellular/Core/AT_Core/at_modem_signalling.o
                0x000000000800bc14                fCmdBuild_CPSMS
 .text.fCmdBuild_CEDRXS
                0x000000000800bd54      0x10c ./Middlewares/Cellular/Core/AT_Core/at_modem_signalling.o
                0x000000000800bd54                fCmdBuild_CEDRXS
 .text.fCmdBuild_CSIM
                0x000000000800be60       0x64 ./Middlewares/Cellular/Core/AT_Core/at_modem_signalling.o
                0x000000000800be60                fCmdBuild_CSIM
 .text.fCmdBuild_DIRECT_CMD
                0x000000000800bec4       0xb0 ./Middlewares/Cellular/Core/AT_Core/at_modem_signalling.o
                0x000000000800bec4                fCmdBuild_DIRECT_CMD
 .text.fRspAnalyze_None
                0x000000000800bf74       0x3c ./Middlewares/Cellular/Core/AT_Core/at_modem_signalling.o
                0x000000000800bf74                fRspAnalyze_None
 .text.fRspAnalyze_CmeErr
                0x000000000800bfb0      0x3ac ./Middlewares/Cellular/Core/AT_Core/at_modem_signalling.o
                0x000000000800bfb0                fRspAnalyze_CmeErr
 .text.fRspAnalyze_Error
                0x000000000800c35c       0x54 ./Middlewares/Cellular/Core/AT_Core/at_modem_signalling.o
                0x000000000800c35c                fRspAnalyze_Error
 .text.fRspAnalyze_CmsErr
                0x000000000800c3b0       0x3c ./Middlewares/Cellular/Core/AT_Core/at_modem_signalling.o
                0x000000000800c3b0                fRspAnalyze_CmsErr
 .text.fRspAnalyze_CGMI
                0x000000000800c3ec       0x98 ./Middlewares/Cellular/Core/AT_Core/at_modem_signalling.o
                0x000000000800c3ec                fRspAnalyze_CGMI
 .text.fRspAnalyze_CGMM
                0x000000000800c484       0x98 ./Middlewares/Cellular/Core/AT_Core/at_modem_signalling.o
                0x000000000800c484                fRspAnalyze_CGMM
 .text.fRspAnalyze_CGMR
                0x000000000800c51c       0x98 ./Middlewares/Cellular/Core/AT_Core/at_modem_signalling.o
                0x000000000800c51c                fRspAnalyze_CGMR
 .text.fRspAnalyze_CGSN
                0x000000000800c5b4      0x210 ./Middlewares/Cellular/Core/AT_Core/at_modem_signalling.o
                0x000000000800c5b4                fRspAnalyze_CGSN
 .text.fRspAnalyze_CIMI
                0x000000000800c7c4       0x98 ./Middlewares/Cellular/Core/AT_Core/at_modem_signalling.o
                0x000000000800c7c4                fRspAnalyze_CIMI
 .text.fRspAnalyze_CEER
                0x000000000800c85c       0x3c ./Middlewares/Cellular/Core/AT_Core/at_modem_signalling.o
                0x000000000800c85c                fRspAnalyze_CEER
 .text.fRspAnalyze_CPIN
                0x000000000800c898      0x274 ./Middlewares/Cellular/Core/AT_Core/at_modem_signalling.o
                0x000000000800c898                fRspAnalyze_CPIN
 .text.fRspAnalyze_COPS
                0x000000000800cb0c      0x2f0 ./Middlewares/Cellular/Core/AT_Core/at_modem_signalling.o
                0x000000000800cb0c                fRspAnalyze_COPS
 .text.fRspAnalyze_CNUM
                0x000000000800cdfc       0x6c ./Middlewares/Cellular/Core/AT_Core/at_modem_signalling.o
                0x000000000800cdfc                fRspAnalyze_CNUM
 .text.fRspAnalyze_CGATT
                0x000000000800ce68       0xec ./Middlewares/Cellular/Core/AT_Core/at_modem_signalling.o
                0x000000000800ce68                fRspAnalyze_CGATT
 .text.fRspAnalyze_CREG
                0x000000000800cf54      0x3d4 ./Middlewares/Cellular/Core/AT_Core/at_modem_signalling.o
                0x000000000800cf54                fRspAnalyze_CREG
 .text.fRspAnalyze_CGREG
                0x000000000800d328      0x6f8 ./Middlewares/Cellular/Core/AT_Core/at_modem_signalling.o
                0x000000000800d328                fRspAnalyze_CGREG
 .text.fRspAnalyze_CEREG
                0x000000000800da20      0x674 ./Middlewares/Cellular/Core/AT_Core/at_modem_signalling.o
                0x000000000800da20                fRspAnalyze_CEREG
 .text.fRspAnalyze_CGEV
                0x000000000800e094      0x5e8 ./Middlewares/Cellular/Core/AT_Core/at_modem_signalling.o
                0x000000000800e094                fRspAnalyze_CGEV
 .text.fRspAnalyze_CSQ
                0x000000000800e67c      0x108 ./Middlewares/Cellular/Core/AT_Core/at_modem_signalling.o
                0x000000000800e67c                fRspAnalyze_CSQ
 .text.fRspAnalyze_CGPADDR
                0x000000000800e784      0x160 ./Middlewares/Cellular/Core/AT_Core/at_modem_signalling.o
                0x000000000800e784                fRspAnalyze_CGPADDR
 .text.fRspAnalyze_CPSMS
                0x000000000800e8e4      0x148 ./Middlewares/Cellular/Core/AT_Core/at_modem_signalling.o
                0x000000000800e8e4                fRspAnalyze_CPSMS
 .text.fRspAnalyze_CEDRXS
                0x000000000800ea2c      0x128 ./Middlewares/Cellular/Core/AT_Core/at_modem_signalling.o
                0x000000000800ea2c                fRspAnalyze_CEDRXS
 .text.fRspAnalyze_CEDRXP
                0x000000000800eb54      0x14c ./Middlewares/Cellular/Core/AT_Core/at_modem_signalling.o
                0x000000000800eb54                fRspAnalyze_CEDRXP
 .text.fRspAnalyze_CEDRXRDP
                0x000000000800eca0      0x14c ./Middlewares/Cellular/Core/AT_Core/at_modem_signalling.o
                0x000000000800eca0                fRspAnalyze_CEDRXRDP
 .text.fRspAnalyze_CSIM
                0x000000000800edec       0xe0 ./Middlewares/Cellular/Core/AT_Core/at_modem_signalling.o
                0x000000000800edec                fRspAnalyze_CSIM
 .text.fRspAnalyze_GSN
                0x000000000800eecc       0x98 ./Middlewares/Cellular/Core/AT_Core/at_modem_signalling.o
                0x000000000800eecc                fRspAnalyze_GSN
 .text.fRspAnalyze_IPR
                0x000000000800ef64       0xe0 ./Middlewares/Cellular/Core/AT_Core/at_modem_signalling.o
                0x000000000800ef64                fRspAnalyze_IPR
 .text.fRspAnalyze_IFC
                0x000000000800f044      0x11c ./Middlewares/Cellular/Core/AT_Core/at_modem_signalling.o
                0x000000000800f044                fRspAnalyze_IFC
 .text.fRspAnalyze_DIRECT_CMD
                0x000000000800f160       0x3c ./Middlewares/Cellular/Core/AT_Core/at_modem_signalling.o
                0x000000000800f160                fRspAnalyze_DIRECT_CMD
 .text.atcm_socket_release_modem_cid
                0x000000000800f19c       0x90 ./Middlewares/Cellular/Core/AT_Core/at_modem_socket.o
                0x000000000800f19c                atcm_socket_release_modem_cid
 .text.atcm_socket_get_modem_cid
                0x000000000800f22c       0x4c ./Middlewares/Cellular/Core/AT_Core/at_modem_socket.o
                0x000000000800f22c                atcm_socket_get_modem_cid
 .text.atcm_socket_set_modem_cid
                0x000000000800f278       0x4c ./Middlewares/Cellular/Core/AT_Core/at_modem_socket.o
                0x000000000800f278                atcm_socket_set_modem_cid
 .text.atcm_socket_get_socket_handle
                0x000000000800f2c4       0x5c ./Middlewares/Cellular/Core/AT_Core/at_modem_socket.o
                0x000000000800f2c4                atcm_socket_get_socket_handle
 .text.atcm_socket_set_urc_data_pending
                0x000000000800f320       0x58 ./Middlewares/Cellular/Core/AT_Core/at_modem_socket.o
                0x000000000800f320                atcm_socket_set_urc_data_pending
 .text.atcm_socket_set_urc_closed_by_remote
                0x000000000800f378       0x58 ./Middlewares/Cellular/Core/AT_Core/at_modem_socket.o
                0x000000000800f378                atcm_socket_set_urc_closed_by_remote
 .text.atcm_socket_get_hdle_urc_data_pending
                0x000000000800f3d0       0x64 ./Middlewares/Cellular/Core/AT_Core/at_modem_socket.o
                0x000000000800f3d0                atcm_socket_get_hdle_urc_data_pending
 .text.atcm_socket_get_hdlr_urc_closed_by_remote
                0x000000000800f434       0x64 ./Middlewares/Cellular/Core/AT_Core/at_modem_socket.o
                0x000000000800f434                atcm_socket_get_hdlr_urc_closed_by_remote
 .text.atcm_socket_remaining_urc_data_pending
                0x000000000800f498       0x4c ./Middlewares/Cellular/Core/AT_Core/at_modem_socket.o
                0x000000000800f498                atcm_socket_remaining_urc_data_pending
 .text.atcm_socket_remaining_urc_closed_by_remote
                0x000000000800f4e4       0x4c ./Middlewares/Cellular/Core/AT_Core/at_modem_socket.o
                0x000000000800f4e4                atcm_socket_remaining_urc_closed_by_remote
 .text.atcm_socket_set_connected
                0x000000000800f530       0x50 ./Middlewares/Cellular/Core/AT_Core/at_modem_socket.o
                0x000000000800f530                atcm_socket_set_connected
 .text.reset_current_command
                0x000000000800f580       0x2c ./Middlewares/Cellular/Core/AT_Core/at_parser.o
 .text.reset_parser_context
                0x000000000800f5ac       0x1a ./Middlewares/Cellular/Core/AT_Core/at_parser.o
 *fill*         0x000000000800f5c6        0x2 
 .text.display_buffer
                0x000000000800f5c8       0xe8 ./Middlewares/Cellular/Core/AT_Core/at_parser.o
 .text.write_data2buffer.isra.0
                0x000000000800f6b0       0x26 ./Middlewares/Cellular/Core/AT_Core/at_parser.o
 .text.ATParser_initParsers
                0x000000000800f6d6        0x4 ./Middlewares/Cellular/Core/AT_Core/at_parser.o
                0x000000000800f6d6                ATParser_initParsers
 *fill*         0x000000000800f6da        0x2 
 .text.ATParser_init
                0x000000000800f6dc       0x34 ./Middlewares/Cellular/Core/AT_Core/at_parser.o
                0x000000000800f6dc                ATParser_init
 .text.ATParser_process_request
                0x000000000800f710       0x16 ./Middlewares/Cellular/Core/AT_Core/at_parser.o
                0x000000000800f710                ATParser_process_request
 *fill*         0x000000000800f726        0x2 
 .text.ATParser_get_ATcmd
                0x000000000800f728      0x25c ./Middlewares/Cellular/Core/AT_Core/at_parser.o
                0x000000000800f728                ATParser_get_ATcmd
 .text.ATParser_parse_rsp
                0x000000000800f984      0x170 ./Middlewares/Cellular/Core/AT_Core/at_parser.o
                0x000000000800f984                ATParser_parse_rsp
 .text.ATParser_get_rsp
                0x000000000800faf4       0x16 ./Middlewares/Cellular/Core/AT_Core/at_parser.o
                0x000000000800faf4                ATParser_get_rsp
 .text.ATParser_get_urc
                0x000000000800fb0a        0x4 ./Middlewares/Cellular/Core/AT_Core/at_parser.o
                0x000000000800fb0a                ATParser_get_urc
 .text.ATParser_get_error
                0x000000000800fb0e        0x4 ./Middlewares/Cellular/Core/AT_Core/at_parser.o
                0x000000000800fb0e                ATParser_get_error
 .text.ATParser_abort_request
                0x000000000800fb12        0x6 ./Middlewares/Cellular/Core/AT_Core/at_parser.o
                0x000000000800fb12                ATParser_abort_request
 .text.ATutil_ipow
                0x000000000800fb18       0x14 ./Middlewares/Cellular/Core/AT_Core/at_util.o
                0x000000000800fb18                ATutil_ipow
 .text.ATutil_convertHexaStringToInt32
                0x000000000800fb2c       0xb2 ./Middlewares/Cellular/Core/AT_Core/at_util.o
                0x000000000800fb2c                ATutil_convertHexaStringToInt32
 .text.ATutil_convertStringToInt
                0x000000000800fbde       0x58 ./Middlewares/Cellular/Core/AT_Core/at_util.o
                0x000000000800fbde                ATutil_convertStringToInt
 .text.ATutil_convertHexaStringToInt64
                0x000000000800fc36       0x5e ./Middlewares/Cellular/Core/AT_Core/at_util.o
                0x000000000800fc36                ATutil_convertHexaStringToInt64
 .text.ATutil_convertBinStringToInt32
                0x000000000800fc94       0x2e ./Middlewares/Cellular/Core/AT_Core/at_util.o
                0x000000000800fc94                ATutil_convertBinStringToInt32
 .text.ATutil_convertStringToUpperCase
                0x000000000800fcc2       0x1e ./Middlewares/Cellular/Core/AT_Core/at_util.o
                0x000000000800fcc2                ATutil_convertStringToUpperCase
 .text.ATutil_convert_uint8_to_binary_string
                0x000000000800fce0       0x2c ./Middlewares/Cellular/Core/AT_Core/at_util.o
                0x000000000800fce0                ATutil_convert_uint8_to_binary_string
 .text.ATutil_remove_quotes
                0x000000000800fd0c       0x32 ./Middlewares/Cellular/Core/AT_Core/at_util.o
                0x000000000800fd0c                ATutil_remove_quotes
 *fill*         0x000000000800fd3e        0x2 
 .text.SysCtrl_getDeviceDescriptor